Component: ARM Compiler 5.06 update 6 (build 750) Tool: armlink [4d35ed]

==============================================================================

Section Cross References

    stm32f4xx_hal_can.o(i.CAN_Receive_IT) refers to bsp_can.o(i.HAL_CAN_RxCpltCallback) for HAL_CAN_RxCpltCallback
    stm32f4xx_hal_can.o(i.CAN_Transmit_IT) refers to stm32f4xx_hal_can.o(i.HAL_CAN_TxCpltCallback) for HAL_CAN_TxCpltCallback
    stm32f4xx_hal_can.o(i.HAL_CAN_DeInit) refers to can.o(i.HAL_CAN_MspDeInit) for HAL_CAN_MspDeInit
    stm32f4xx_hal_can.o(i.HAL_CAN_IRQHandler) refers to stm32f4xx_hal_can.o(i.CAN_Transmit_IT) for CAN_Transmit_IT
    stm32f4xx_hal_can.o(i.HAL_CAN_IRQHandler) refers to stm32f4xx_hal_can.o(i.CAN_Receive_IT) for CAN_Receive_IT
    stm32f4xx_hal_can.o(i.HAL_CAN_IRQHandler) refers to stm32f4xx_hal_can.o(i.HAL_CAN_ErrorCallback) for HAL_CAN_ErrorCallback
    stm32f4xx_hal_can.o(i.HAL_CAN_Init) refers to can.o(i.HAL_CAN_MspInit) for HAL_CAN_MspInit
    stm32f4xx_hal_can.o(i.HAL_CAN_Init) refers to stm32f4xx_hal.o(i.HAL_GetTick) for HAL_GetTick
    stm32f4xx_hal_can.o(i.HAL_CAN_Receive) refers to stm32f4xx_hal.o(i.HAL_GetTick) for HAL_GetTick
    stm32f4xx_hal_can.o(i.HAL_CAN_Sleep) refers to stm32f4xx_hal.o(i.HAL_GetTick) for HAL_GetTick
    stm32f4xx_hal_can.o(i.HAL_CAN_Transmit) refers to stm32f4xx_hal.o(i.HAL_GetTick) for HAL_GetTick
    stm32f4xx_hal_can.o(i.HAL_CAN_WakeUp) refers to stm32f4xx_hal.o(i.HAL_GetTick) for HAL_GetTick
    stm32f4xx_hal_gpio.o(i.HAL_GPIO_EXTI_IRQHandler) refers to stm32f4xx_hal_gpio.o(i.HAL_GPIO_EXTI_Callback) for HAL_GPIO_EXTI_Callback
    stm32f4xx_hal_flash.o(i.FLASH_SetErrorCode) refers to stm32f4xx_hal_flash.o(.bss) for .bss
    stm32f4xx_hal_flash.o(i.FLASH_WaitForLastOperation) refers to stm32f4xx_hal.o(i.HAL_GetTick) for HAL_GetTick
    stm32f4xx_hal_flash.o(i.FLASH_WaitForLastOperation) refers to stm32f4xx_hal_flash.o(i.FLASH_SetErrorCode) for FLASH_SetErrorCode
    stm32f4xx_hal_flash.o(i.FLASH_WaitForLastOperation) refers to stm32f4xx_hal_flash.o(.bss) for .bss
    stm32f4xx_hal_flash.o(i.HAL_FLASH_GetError) refers to stm32f4xx_hal_flash.o(.bss) for .bss
    stm32f4xx_hal_flash.o(i.HAL_FLASH_IRQHandler) refers to stm32f4xx_hal_flash.o(i.FLASH_SetErrorCode) for FLASH_SetErrorCode
    stm32f4xx_hal_flash.o(i.HAL_FLASH_IRQHandler) refers to stm32f4xx_hal_flash.o(i.HAL_FLASH_OperationErrorCallback) for HAL_FLASH_OperationErrorCallback
    stm32f4xx_hal_flash.o(i.HAL_FLASH_IRQHandler) refers to stm32f4xx_hal_flash.o(i.HAL_FLASH_EndOfOperationCallback) for HAL_FLASH_EndOfOperationCallback
    stm32f4xx_hal_flash.o(i.HAL_FLASH_IRQHandler) refers to stm32f4xx_hal_flash_ex.o(i.FLASH_Erase_Sector) for FLASH_Erase_Sector
    stm32f4xx_hal_flash.o(i.HAL_FLASH_IRQHandler) refers to stm32f4xx_hal_flash_ex.o(i.FLASH_FlushCaches) for FLASH_FlushCaches
    stm32f4xx_hal_flash.o(i.HAL_FLASH_IRQHandler) refers to stm32f4xx_hal_flash.o(.bss) for .bss
    stm32f4xx_hal_flash.o(i.HAL_FLASH_OB_Launch) refers to stm32f4xx_hal_flash.o(i.FLASH_WaitForLastOperation) for FLASH_WaitForLastOperation
    stm32f4xx_hal_flash.o(i.HAL_FLASH_Program) refers to stm32f4xx_hal_flash.o(i.FLASH_WaitForLastOperation) for FLASH_WaitForLastOperation
    stm32f4xx_hal_flash.o(i.HAL_FLASH_Program) refers to stm32f4xx_hal_flash.o(i.FLASH_Program_DoubleWord) for FLASH_Program_DoubleWord
    stm32f4xx_hal_flash.o(i.HAL_FLASH_Program) refers to stm32f4xx_hal_flash.o(i.FLASH_Program_Byte) for FLASH_Program_Byte
    stm32f4xx_hal_flash.o(i.HAL_FLASH_Program) refers to stm32f4xx_hal_flash.o(i.FLASH_Program_HalfWord) for FLASH_Program_HalfWord
    stm32f4xx_hal_flash.o(i.HAL_FLASH_Program) refers to stm32f4xx_hal_flash.o(i.FLASH_Program_Word) for FLASH_Program_Word
    stm32f4xx_hal_flash.o(i.HAL_FLASH_Program) refers to stm32f4xx_hal_flash.o(.bss) for .bss
    stm32f4xx_hal_flash.o(i.HAL_FLASH_Program_IT) refers to stm32f4xx_hal_flash.o(i.FLASH_Program_DoubleWord) for FLASH_Program_DoubleWord
    stm32f4xx_hal_flash.o(i.HAL_FLASH_Program_IT) refers to stm32f4xx_hal_flash.o(i.FLASH_Program_Byte) for FLASH_Program_Byte
    stm32f4xx_hal_flash.o(i.HAL_FLASH_Program_IT) refers to stm32f4xx_hal_flash.o(i.FLASH_Program_HalfWord) for FLASH_Program_HalfWord
    stm32f4xx_hal_flash.o(i.HAL_FLASH_Program_IT) refers to stm32f4xx_hal_flash.o(i.FLASH_Program_Word) for FLASH_Program_Word
    stm32f4xx_hal_flash.o(i.HAL_FLASH_Program_IT) refers to stm32f4xx_hal_flash.o(.bss) for .bss
    stm32f4xx_hal_flash_ex.o(i.FLASH_OB_DisableWRP) refers to stm32f4xx_hal_flash.o(i.FLASH_WaitForLastOperation) for FLASH_WaitForLastOperation
    stm32f4xx_hal_flash_ex.o(i.FLASH_OB_EnableWRP) refers to stm32f4xx_hal_flash.o(i.FLASH_WaitForLastOperation) for FLASH_WaitForLastOperation
    stm32f4xx_hal_flash_ex.o(i.HAL_FLASHEx_AdvOBProgram) refers to stm32f4xx_hal_flash.o(i.FLASH_WaitForLastOperation) for FLASH_WaitForLastOperation
[...]
    xNextTaskUnblockTime                     0x20000030   Data           4  tasks.o(.data)
    uxSchedulerSuspended                     0x20000034   Data           4  tasks.o(.data)
    pxDelayedTaskList                        0x20000038   Data           4  tasks.o(.data)
    pxOverflowDelayedTaskList                0x2000003c   Data           4  tasks.o(.data)
    .data                                    0x20000040   Section       12  port.o(.data)
    ucMaxSysCallPriority                     0x20000040   Data           1  port.o(.data)
    uxCriticalNesting                        0x20000044   Data           4  port.o(.data)
    ulMaxPRIGROUPValue                       0x20000048   Data           4  port.o(.data)
    .data                                    0x2000004c   Section       24  heap_4.o(.data)
    pxEnd                                    0x2000004c   Data           4  heap_4.o(.data)
    xFreeBytesRemaining                      0x20000050   Data           4  heap_4.o(.data)
    xMinimumEverFreeBytesRemaining           0x20000054   Data           4  heap_4.o(.data)
    xBlockAllocatedBit                       0x20000058   Data           4  heap_4.o(.data)
    xStart                                   0x2000005c   Data           8  heap_4.o(.data)
    .data                                    0x20000068   Section        8  tim.o(.data)
    .data                                    0x20000070   Section        6  usart.o(.data)
    .data                                    0x20000078   Section        4  can.o(.data)
    HAL_RCC_CAN1_CLK_ENABLED                 0x20000078   Data           4  can.o(.data)
    .data                                    0x2000007c   Section       28  main.o(.data)
    .data                                    0x20000098   Section      636  posture_ctrl.o(.data)
    p                                        0x2000009c   Data           4  posture_ctrl.o(.data)
    prev_t                                   0x200000a0   Data           4  posture_ctrl.o(.data)
    x                                        0x200000a4   Data           4  posture_ctrl.o(.data)
    y                                        0x200000a8   Data           4  posture_ctrl.o(.data)
    theta1                                   0x200000ac   Data           4  posture_ctrl.o(.data)
    theta2                                   0x200000b0   Data           4  posture_ctrl.o(.data)
    .data                                    0x20000314   Section        1  moto_ctrl.o(.data)
    .data                                    0x20000316   Section        4  debug.o(.data)
    .data                                    0x2000031c   Section       12  detect_task.o(.data)
    error_num_display                        0x2000031c   Data           1  detect_task.o(.data)
    last_num                                 0x2000031d   Data           1  detect_task.o(.data)
    i                                        0x2000031e   Data           1  detect_task.o(.data)
    led_flag                                 0x2000031f   Data           1  detect_task.o(.data)
    cnt_num                                  0x20000320   Data           1  detect_task.o(.data)
    time                                     0x20000321   Data           1  detect_task.o(.data)
    systemTime                               0x20000324   Data           4  detect_task.o(.data)
    .data                                    0x20000328   Section        1  bsp_can.o(.data)
    i                                        0x20000328   Data           1  bsp_can.o(.data)
    .data                                    0x2000032a   Section        6  vcan.o(.data)
    .data                                    0x20000330   Section        4  stdout.o(.data)
    .data                                    0x20000334   Section        4  errno.o(.data)
    _errno                                   0x20000334   Data           4  errno.o(.data)
    .bss                                     0x20000338   Section      280  tasks.o(.bss)
    pxReadyTasksLists                        0x20000338   Data         180  tasks.o(.bss)
    xDelayedTaskList1                        0x200003ec   Data          20  tasks.o(.bss)
    xDelayedTaskList2                        0x20000400   Data          20  tasks.o(.bss)
    xPendingReadyList                        0x20000414   Data          20  tasks.o(.bss)
    xTasksWaitingTermination                 0x20000428   Data          20  tasks.o(.bss)
    xSuspendedTaskList                       0x2000043c   Data          20  tasks.o(.bss)
    .bss                                     0x20000450   Section    30720  heap_4.o(.bss)
    ucHeap                                   0x20000450   Data       30720  heap_4.o(.bss)
    .bss                                     0x20007c50   Section       60  tim.o(.bss)
    .bss                                     0x20007c8c   Section     4480  usart.o(.bss)
    .bss                                     0x20008e0c   Section       64  usart.o(.bss)
    .bss                                     0x20008e4c   Section       96  usart.o(.bss)
    .bss                                     0x20008eac   Section       96  usart.o(.bss)
    .bss                                     0x20008f0c   Section       60  stm32f4xx_hal_timebase_tim.o(.bss)
    .bss                                     0x20008f48   Section       88  spi.o(.bss)
    .bss                                     0x20008fa0   Section      128  can.o(.bss)
    .bss                                     0x20009020   Section       96  moto_ctrl.o(.bss)
    .bss                                     0x20009080   Section      324  detect_task.o(.bss)
    errorList                                0x20009080   Data         324  detect_task.o(.bss)
    .bss                                     0x200091c4   Section      864  pid.o(.bss)
    .bss                                     0x20009524   Section      864  pid.o(.bss)
    .bss                                     0x20009884   Section      524  bsp_can.o(.bss)
    Tx1Message                               0x200099e4   Data          28  bsp_can.o(.bss)
    Rx1Message                               0x20009a00   Data          36  bsp_can.o(.bss)
    Tx2Message                               0x20009a24   Data          28  bsp_can.o(.bss)
    Rx2Message                               0x20009a40   Data          36  bsp_can.o(.bss)
    .bss                                     0x20009a90   Section       10  vcan.o(.bss)
    .bss                                     0x20009a9c   Section       88  buzzer.o(.bss)
    .bss                                     0x20009af4   Section      116  servo.o(.bss)
    STACK                                    0x20009b68   Section     1024  startup_stm32f427xx.o(STACK)

    Global Symbols

    Symbol Name                              Value     Ov Type        Size  Object(Section)

    BuildAttributes$$THM_ISAv4$E$P$D$K$B$S$7EM$VFPi3$EXTD16$VFPS$VFMA$PE$A:L22UL41UL21$X:L11$S22US41US21$IEEE1$IW$USESV6$~STKCKD$USESV7$~SHL$OTIME$ROPI$IEEEX$EBA8$MICROLIB$REQ8$PRES8$EABIv2 0x00000000   Number         0  anon$$obj.o ABSOLUTE
    __ARM_use_no_argv                        0x00000000   Number         0  main.o ABSOLUTE
    _printf_a                                0x00000000   Number         0  stubs.o ABSOLUTE
    _printf_c                                0x00000000   Number         0  stubs.o ABSOLUTE
    _printf_charcount                        0x00000000   Number         0  stubs.o ABSOLUTE
    _printf_d                                0x00000000   Number         0  stubs.o ABSOLUTE
    _printf_e                                0x00000000   Number         0  stubs.o ABSOLUTE
    _printf_f                                0x00000000   Number         0  stubs.o ABSOLUTE
    _printf_flags                            0x00000000   Number         0  stubs.o ABSOLUTE
    _printf_fp_dec                           0x00000000   Number         0  stubs.o ABSOLUTE
    _printf_fp_hex                           0x00000000   Number         0  stubs.o ABSOLUTE
    _printf_g                                0x00000000   Number         0  stubs.o ABSOLUTE
    _printf_i                                0x00000000   Number         0  stubs.o ABSOLUTE
    _printf_int_dec                          0x00000000   Number         0  stubs.o ABSOLUTE
    _printf_l                                0x00000000   Number         0  stubs.o ABSOLUTE
    _printf_lc                               0x00000000   Number         0  stubs.o ABSOLUTE
    _printf_ll                               0x00000000   Number         0  stubs.o ABSOLUTE
    _printf_lld                              0x00000000   Number         0  stubs.o ABSOLUTE
    _printf_lli                              0x00000000   Number         0  stubs.o ABSOLUTE
    _printf_llo                              0x00000000   Number         0  stubs.o ABSOLUTE
    _printf_llu                              0x00000000   Number         0  stubs.o ABSOLUTE
    _printf_llx                              0x00000000   Number         0  stubs.o ABSOLUTE
    _printf_longlong_dec                     0x00000000   Number         0  stubs.o ABSOLUTE
    _printf_longlong_hex                     0x00000000   Number         0  stubs.o ABSOLUTE
    _printf_longlong_oct                     0x00000000   Number         0  stubs.o ABSOLUTE
    _printf_ls                               0x00000000   Number         0  stubs.o ABSOLUTE
    _printf_mbtowc                           0x00000000   Number         0  stubs.o ABSOLUTE
    _printf_n                                0x00000000   Number         0  stubs.o ABSOLUTE
    _printf_o                                0x00000000   Number         0  stubs.o ABSOLUTE
    _printf_p                                0x00000000   Number         0  stubs.o ABSOLUTE
    _printf_percent                          0x00000000   Number         0  stubs.o ABSOLUTE
    _printf_pre_padding                      0x00000000   Number         0  stubs.o ABSOLUTE
    _printf_return_value                     0x00000000   Number         0  stubs.o ABSOLUTE
    _printf_s                                0x00000000   Number         0  stubs.o ABSOLUTE
    _printf_sizespec                         0x00000000   Number         0  stubs.o ABSOLUTE
    _printf_str                              0x00000000   Number         0  stubs.o ABSOLUTE
    _printf_truncate_signed                  0x00000000   Number         0  stubs.o ABSOLUTE
    _printf_truncate_unsigned                0x00000000   Number         0  stubs.o ABSOLUTE
    _printf_u                                0x00000000   Number         0  stubs.o ABSOLUTE
    _printf_wc                               0x00000000   Number         0  stubs.o ABSOLUTE
    _printf_wctomb                           0x00000000   Number         0  stubs.o ABSOLUTE
    _printf_widthprec                        0x00000000   Number         0  stubs.o ABSOLUTE
    _printf_x                                0x00000000   Number         0  stubs.o ABSOLUTE
    __cpp_initialize__aeabi_                  - Undefined Weak Reference
    __cxa_finalize                            - Undefined Weak Reference
    _clock_init                               - Undefined Weak Reference
    _microlib_exit                            - Undefined Weak Reference
    __Vectors_Size                           0x000001ac   Number         0  startup_stm32f427xx.o ABSOLUTE
    __Vectors                                0x08000000   Data           4  startup_stm32f427xx.o(RESET)
    __Vectors_End                            0x080001ac   Data           0  startup_stm32f427xx.o(RESET)
    __main                                   0x080001ad   Thumb Code     0  entry.o(.ARM.Collect$$$$00000000)
    _main_stk                                0x080001ad   Thumb Code     0  entry2.o(.ARM.Collect$$$$00000001)
    _main_scatterload                        0x080001b1   Thumb Code     0  entry5.o(.ARM.Collect$$$$00000004)
    __main_after_scatterload                 0x080001b5   Thumb Code     0  entry5.o(.ARM.Collect$$$$00000004)
    _main_clock                              0x080001b5   Thumb Code     0  entry7b.o(.ARM.Collect$$$$00000008)
    _main_cpp_init                           0x080001b5   Thumb Code     0  entry8b.o(.ARM.Collect$$$$0000000A)
    _main_init                               0x080001b5   Thumb Code     0  entry9a.o(.ARM.Collect$$$$0000000B)
    __rt_final_cpp                           0x080001bd   Thumb Code     0  entry10a.o(.ARM.Collect$$$$0000000D)
    __rt_final_exit                          0x080001bd   Thumb Code     0  entry11a.o(.ARM.Collect$$$$0000000F)
    SVC_Handler                              0x080001c1   Thumb Code    28  port.o(.emb_text)
    __asm___6_port_c_39a90d8d__prvStartFirstTask 0x080001e1   Thumb Code    28  port.o(.emb_text)
    __asm___6_port_c_39a90d8d__prvEnableVFP  0x08000201   Thumb Code    16  port.o(.emb_text)
    PendSV_Handler                           0x08000215   Thumb Code    92  port.o(.emb_text)
    vPortGetIPSR                             0x08000275   Thumb Code     6  port.o(.emb_text)
    Reset_Handler                            0x0800027d   Thumb Code     8  startup_stm32f427xx.o(.text)
    ADC_IRQHandler                           0x08000297   Thumb Code     0  startup_stm32f427xx.o(.text)
    CAN1_RX1_IRQHandler                      0x08000297   Thumb Code     0  startup_stm32f427xx.o(.text)
    CAN1_SCE_IRQHandler                      0x08000297   Thumb Code     0  startup_stm32f427xx.o(.text)
    CAN2_RX1_IRQHandler                      0x08000297   Thumb Code     0  startup_stm32f427xx.o(.text)
    CAN2_SCE_IRQHandler                      0x08000297   Thumb Code     0  startup_stm32f427xx.o(.text)
    DCMI_IRQHandler                          0x08000297   Thumb Code     0  startup_stm32f427xx.o(.text)
    DMA1_Stream0_IRQHandler                  0x08000297   Thumb Code     0  startup_stm32f427xx.o(.text)
    DMA1_Stream2_IRQHandler                  0x08000297   Thumb Code     0  startup_stm32f427xx.o(.text)
    DMA1_Stream3_IRQHandler                  0x08000297   Thumb Code     0  startup_stm32f427xx.o(.text)
    DMA1_Stream4_IRQHandler                  0x08000297   Thumb Code     0  startup_stm32f427xx.o(.text)
    DMA1_Stream7_IRQHandler                  0x08000297   Thumb Code     0  startup_stm32f427xx.o(.text)
    DMA2D_IRQHandler                         0x08000297   Thumb Code     0  startup_stm32f427xx.o(.text)
    DMA2_Stream0_IRQHandler                  0x08000297   Thumb Code     0  startup_stm32f427xx.o(.text)
    DMA2_Stream3_IRQHandler                  0x08000297   Thumb Code     0  startup_stm32f427xx.o(.text)
    DMA2_Stream4_IRQHandler                  0x08000297   Thumb Code     0  startup_stm32f427xx.o(.text)
    DMA2_Stream5_IRQHandler                  0x08000297   Thumb Code     0  startup_stm32f427xx.o(.text)
    DMA2_Stream6_IRQHandler                  0x08000297   Thumb Code     0  startup_stm32f427xx.o(.text)
    DMA2_Stream7_IRQHandler                  0x08000297   Thumb Code     0  startup_stm32f427xx.o(.text)
    ETH_IRQHandler                           0x08000297   Thumb Code     0  startup_stm32f427xx.o(.text)
    ETH_WKUP_IRQHandler                      0x08000297   Thumb Code     0  startup_stm32f427xx.o(.text)
    EXTI0_IRQHandler                         0x08000297   Thumb Code     0  startup_stm32f427xx.o(.text)
    EXTI15_10_IRQHandler                     0x08000297   Thumb Code     0  startup_stm32f427xx.o(.text)
    EXTI1_IRQHandler                         0x08000297   Thumb Code     0  startup_stm32f427xx.o(.text)
    EXTI2_IRQHandler                         0x08000297   Thumb Code     0  startup_stm32f427xx.o(.text)
    EXTI3_IRQHandler                         0x08000297   Thumb Code     0  startup_stm32f427xx.o(.text)
    EXTI4_IRQHandler                         0x08000297   Thumb Code     0  startup_stm32f427xx.o(.text)
    EXTI9_5_IRQHandler                       0x08000297   Thumb Code     0  startup_stm32f427xx.o(.text)
    FLASH_IRQHandler                         0x08000297   Thumb Code     0  startup_stm32f427xx.o(.text)
    FMC_IRQHandler                           0x08000297   Thumb Code     0  startup_stm32f427xx.o(.text)
    FPU_IRQHandler                           0x08000297   Thumb Code     0  startup_stm32f427xx.o(.text)
    HASH_RNG_IRQHandler                      0x08000297   Thumb Code     0  startup_stm32f427xx.o(.text)
    I2C1_ER_IRQHandler                       0x08000297   Thumb Code     0  startup_stm32f427xx.o(.text)
    I2C1_EV_IRQHandler                       0x08000297   Thumb Code     0  startup_stm32f427xx.o(.text)
    I2C2_ER_IRQHandler                       0x08000297   Thumb Code     0  startup_stm32f427xx.o(.text)
    I2C2_EV_IRQHandler                       0x08000297   Thumb Code     0  startup_stm32f427xx.o(.text)
    I2C3_ER_IRQHandler                       0x08000297   Thumb Code     0  startup_stm32f427xx.o(.text)
    I2C3_EV_IRQHandler                       0x08000297   Thumb Code     0  startup_stm32f427xx.o(.text)
    OTG_FS_IRQHandler                        0x08000297   Thumb Code     0  startup_stm32f427xx.o(.text)
    OTG_FS_WKUP_IRQHandler                   0x08000297   Thumb Code     0  startup_stm32f427xx.o(.text)
    OTG_HS_EP1_IN_IRQHandler                 0x08000297   Thumb Code     0  startup_stm32f427xx.o(.text)
    OTG_HS_EP1_OUT_IRQHandler                0x08000297   Thumb Code     0  startup_stm32f427xx.o(.text)
    OTG_HS_IRQHandler                        0x08000297   Thumb Code     0  startup_stm32f427xx.o(.text)
    OTG_HS_WKUP_IRQHandler                   0x08000297   Thumb Code     0  startup_stm32f427xx.o(.text)
    PVD_IRQHandler                           0x08000297   Thumb Code     0  startup_stm32f427xx.o(.text)
    RCC_IRQHandler                           0x08000297   Thumb Code     0  startup_stm32f427xx.o(.text)
    RTC_Alarm_IRQHandler                     0x08000297   Thumb Code     0  startup_stm32f427xx.o(.text)
    RTC_WKUP_IRQHandler                      0x08000297   Thumb Code     0  startup_stm32f427xx.o(.text)
    SAI1_IRQHandler                          0x08000297   Thumb Code     0  startup_stm32f427xx.o(.text)
    SDIO_IRQHandler                          0x08000297   Thumb Code     0  startup_stm32f427xx.o(.text)
    SPI1_IRQHandler                          0x08000297   Thumb Code     0  startup_stm32f427xx.o(.text)
    SPI2_IRQHandler                          0x08000297   Thumb Code     0  startup_stm32f427xx.o(.text)
    SPI3_IRQHandler                          0x08000297   Thumb Code     0  startup_stm32f427xx.o(.text)
    SPI4_IRQHandler                          0x08000297   Thumb Code     0  startup_stm32f427xx.o(.text)
    SPI5_IRQHandler                          0x08000297   Thumb Code     0  startup_stm32f427xx.o(.text)
    SPI6_IRQHandler                          0x08000297   Thumb Code     0  startup_stm32f427xx.o(.text)
    TAMP_STAMP_IRQHandler                    0x08000297   Thumb Code     0  startup_stm32f427xx.o(.text)
    TIM1_BRK_TIM9_IRQHandler                 0x08000297   Thumb Code     0  startup_stm32f427xx.o(.text)
    TIM1_CC_IRQHandler                       0x08000297   Thumb Code     0  startup_stm32f427xx.o(.text)
    TIM1_TRG_COM_TIM11_IRQHandler            0x08000297   Thumb Code     0  startup_stm32f427xx.o(.text)
    TIM1_UP_TIM10_IRQHandler                 0x08000297   Thumb Code     0  startup_stm32f427xx.o(.text)
    TIM2_IRQHandler                          0x08000297   Thumb Code     0  startup_stm32f427xx.o(.text)
    TIM4_IRQHandler                          0x08000297   Thumb Code     0  startup_stm32f427xx.o(.text)
    TIM5_IRQHandler                          0x08000297   Thumb Code     0  startup_stm32f427xx.o(.text)
    TIM7_IRQHandler                          0x08000297   Thumb Code     0  startup_stm32f427xx.o(.text)
    TIM8_BRK_TIM12_IRQHandler                0x08000297   Thumb Code     0  startup_stm32f427xx.o(.text)
    TIM8_CC_IRQHandler                       0x08000297   Thumb Code     0  startup_stm32f427xx.o(.text)
    TIM8_TRG_COM_TIM14_IRQHandler            0x08000297   Thumb Code     0  startup_stm32f427xx.o(.text)
    TIM8_UP_TIM13_IRQHandler                 0x08000297   Thumb Code     0  startup_stm32f427xx.o(.text)
    UART4_IRQHandler                         0x08000297   Thumb Code     0  startup_stm32f427xx.o(.text)
    UART5_IRQHandler                         0x08000297   Thumb Code     0  startup_stm32f427xx.o(.text)
    UART8_IRQHandler                         0x08000297   Thumb Code     0  startup_stm32f427xx.o(.text)
    USART1_IRQHandler                        0x08000297   Thumb Code     0  startup_stm32f427xx.o(.text)
    WWDG_IRQHandler                          0x08000297   Thumb Code     0  startup_stm32f427xx.o(.text)
    __aeabi_memcpy                           0x080002a1   Thumb Code    36  memcpya.o(.text)
    __aeabi_memcpy4                          0x080002a1   Thumb Code     0  memcpya.o(.text)
    __aeabi_memcpy8                          0x080002a1   Thumb Code     0  memcpya.o(.text)
    __aeabi_memset                           0x080002c5   Thumb Code    14  memseta.o(.text)
    __aeabi_memset4                          0x080002c5   Thumb Code     0  memseta.o(.text)
    __aeabi_memset8                          0x080002c5   Thumb Code     0  memseta.o(.text)
    __aeabi_memclr                           0x080002d3   Thumb Code     4  memseta.o(.text)
    __aeabi_memclr4                          0x080002d3   Thumb Code     0  memseta.o(.text)
    __aeabi_memclr8                          0x080002d3   Thumb Code     0  memseta.o(.text)
    _memset$wrapper                          0x080002d7   Thumb Code    18  memseta.o(.text)
    __aeabi_dadd                             0x080002e9   Thumb Code   322  dadd.o(.text)
    __aeabi_dsub                             0x0800042b   Thumb Code     6  dadd.o(.text)
    __aeabi_drsub                            0x08000431   Thumb Code     6  dadd.o(.text)
    __aeabi_dmul                             0x08000437   Thumb Code   228  dmul.o(.text)
    __aeabi_ddiv                             0x0800051b   Thumb Code   222  ddiv.o(.text)
    __aeabi_ul2d                             0x080005f9   Thumb Code    24  dfltul.o(.text)
    __aeabi_f2d                              0x08000611   Thumb Code    38  f2d.o(.text)
    __aeabi_cdrcmple                         0x08000639   Thumb Code    48  cdrcmple.o(.text)
    __aeabi_d2f                              0x08000669   Thumb Code    56  d2f.o(.text)
    __aeabi_uidiv                            0x080006a1   Thumb Code     0  uidiv.o(.text)
    __aeabi_uidivmod                         0x080006a1   Thumb Code    44  uidiv.o(.text)
    __aeabi_llsl                             0x080006cd   Thumb Code    30  llshl.o(.text)
    _ll_shift_l                              0x080006cd   Thumb Code     0  llshl.o(.text)
    __aeabi_lasr                             0x080006eb   Thumb Code    36  llsshr.o(.text)
    _ll_sshift_r                             0x080006eb   Thumb Code     0  llsshr.o(.text)
    __I$use$fp                               0x0800070f   Thumb Code     0  iusefp.o(.text)
    _float_round                             0x0800070f   Thumb Code    18  fepilogue.o(.text)
    _float_epilogue                          0x08000721   Thumb Code    92  fepilogue.o(.text)
    _double_round                            0x0800077d   Thumb Code    30  depilogue.o(.text)
    _double_epilogue                         0x0800079b   Thumb Code   156  depilogue.o(.text)
    __ARM_scalbn                             0x08000837   Thumb Code    46  dscalb.o(.text)
    scalbn                                   0x08000837   Thumb Code     0  dscalb.o(.text)
    _dsqrt                                   0x08000865   Thumb Code   162  dsqrt.o(.text)
    _drem                                    0x08000907   Thumb Code   134  drem.o(.text)
    __aeabi_i2d                              0x0800098d   Thumb Code    34  dflti.o(.text)
    __scatterload                            0x080009b1   Thumb Code    28  init.o(.text)
    __scatterload_rt2                        0x080009b1   Thumb Code     0  init.o(.text)
    __aeabi_llsr                             0x080009d5   Thumb Code    32  llushr.o(.text)
    _ll_ushift_r                             0x080009d5   Thumb Code     0  llushr.o(.text)
    __aeabi_ui2d                             0x080009f5   Thumb Code    26  dfltui.o(.text)
    __aeabi_d2iz                             0x08000a0f   Thumb Code    62  dfixi.o(.text)
    __decompress                             0x08000a4d   Thumb Code     0  __dczerorl2.o(.text)
    __decompress1                            0x08000a4d   Thumb Code    86  __dczerorl2.o(.text)
    BeginWarnBuzzer                          0x08000aa5   Thumb Code    64  buzzer.o(i.BeginWarnBuzzer)
    BusFault_Handler                         0x08000ae9   Thumb Code     2  stm32f4xx_it.o(i.BusFault_Handler)
    CAN1_RX0_IRQHandler                      0x08000aed   Thumb Code     6  stm32f4xx_it.o(i.CAN1_RX0_IRQHandler)
    CAN1_TX_IRQHandler                       0x08000af9   Thumb Code     6  stm32f4xx_it.o(i.CAN1_TX_IRQHandler)
    CAN2_RX0_IRQHandler                      0x08000b05   Thumb Code     6  stm32f4xx_it.o(i.CAN2_RX0_IRQHandler)
    CAN2_TX_IRQHandler                       0x08000b11   Thumb Code     6  stm32f4xx_it.o(i.CAN2_TX_IRQHandler)
    CartesianToTheta                         0x08000ca5   Thumb Code   464  posture_ctrl.o(i.CartesianToTheta)
    ChangeTheGainsOfPD                       0x08000eb1   Thumb Code    86  posture_ctrl.o(i.ChangeTheGainsOfPD)
    CommandAllLegs                           0x08000f11   Thumb Code    30  posture_ctrl.o(i.CommandAllLegs)
    CoupledMoveLeg                           0x08000f2f   Thumb Code    52  posture_ctrl.o(i.CoupledMoveLeg)
    DMA1_Stream1_IRQHandler                  0x08000f65   Thumb Code     6  stm32f4xx_it.o(i.DMA1_Stream1_IRQHandler)
    DMA1_Stream5_IRQHandler                  0x08000f71   Thumb Code     6  stm32f4xx_it.o(i.DMA1_Stream5_IRQHandler)
    DMA1_Stream6_IRQHandler                  0x08000f7d   Thumb Code     6  stm32f4xx_it.o(i.DMA1_Stream6_IRQHandler)
    DMA2_Stream1_IRQHandler                  0x08000f89   Thumb Code     6  stm32f4xx_it.o(i.DMA2_Stream1_IRQHandler)
    DMA2_Stream2_IRQHandler                  0x08000f95   Thumb Code     6  stm32f4xx_it.o(i.DMA2_Stream2_IRQHandler)
    DebugMon_Handler                         0x08001045   Thumb Code     2  stm32f4xx_it.o(i.DebugMon_Handler)
    Debug_task                               0x08001047   Thumb Code     6  debug.o(i.Debug_task)
    Detect_task                              0x08001155   Thumb Code   238  detect_task.o(i.Detect_task)
    Error_Handler                            0x08001251   Thumb Code     2  main.o(i.Error_Handler)
    HAL_CAN_ConfigFilter                     0x08001255   Thumb Code   218  stm32f4xx_hal_can.o(i.HAL_CAN_ConfigFilter)
    HAL_CAN_ErrorCallback                    0x08001339   Thumb Code     2  stm32f4xx_hal_can.o(i.HAL_CAN_ErrorCallback)
    HAL_CAN_IRQHandler                       0x0800133d   Thumb Code   370  stm32f4xx_hal_can.o(i.HAL_CAN_IRQHandler)
    HAL_CAN_Init                             0x080014bd   Thumb Code   328  stm32f4xx_hal_can.o(i.HAL_CAN_Init)
    HAL_CAN_MspInit                          0x08001605   Thumb Code   200  can.o(i.HAL_CAN_MspInit)
    HAL_CAN_Receive_IT                       0x080016e5   Thumb Code   134  stm32f4xx_hal_can.o(i.HAL_CAN_Receive_IT)
    HAL_CAN_RxCpltCallback                   0x0800176d   Thumb Code    92  bsp_can.o(i.HAL_CAN_RxCpltCallback)
    HAL_CAN_Transmit                         0x080017dd   Thumb Code   390  stm32f4xx_hal_can.o(i.HAL_CAN_Transmit)
    HAL_CAN_TxCpltCallback                   0x08001971   Thumb Code     2  stm32f4xx_hal_can.o(i.HAL_CAN_TxCpltCallback)
    HAL_DMA_Abort_IT                         0x08001973   Thumb Code    36  stm32f4xx_hal_dma.o(i.HAL_DMA_Abort_IT)
    HAL_DMA_IRQHandler                       0x08001999   Thumb Code   414  stm32f4xx_hal_dma.o(i.HAL_DMA_IRQHandler)
    HAL_DMA_Init                             0x08001b41   Thumb Code   202  stm32f4xx_hal_dma.o(i.HAL_DMA_Init)
    HAL_DMA_Start_IT                         0x08001c11   Thumb Code   120  stm32f4xx_hal_dma.o(i.HAL_DMA_Start_IT)
    HAL_GPIO_Init                            0x08001c89   Thumb Code   408  stm32f4xx_hal_gpio.o(i.HAL_GPIO_Init)
    HAL_GPIO_TogglePin                       0x08001e55   Thumb Code     8  stm32f4xx_hal_gpio.o(i.HAL_GPIO_TogglePin)
    HAL_GPIO_WritePin                        0x08001e5d   Thumb Code    10  stm32f4xx_hal_gpio.o(i.HAL_GPIO_WritePin)
    HAL_GetTick                              0x08001e69   Thumb Code     6  stm32f4xx_hal.o(i.HAL_GetTick)
    HAL_IncTick                              0x08001e75   Thumb Code    10  stm32f4xx_hal.o(i.HAL_IncTick)
    HAL_Init                                 0x08001e85   Thumb Code    48  stm32f4xx_hal.o(i.HAL_Init)
    HAL_InitTick                             0x08001eb9   Thumb Code   100  stm32f4xx_hal_timebase_tim.o(i.HAL_InitTick)
    HAL_MspInit                              0x08001f2d   Thumb Code    88  stm32f4xx_hal_msp.o(i.HAL_MspInit)
    HAL_NVIC_EnableIRQ                       0x08001f85   Thumb Code    22  stm32f4xx_hal_cortex.o(i.HAL_NVIC_EnableIRQ)
    HAL_NVIC_SetPriority                     0x08001f9d   Thumb Code    60  stm32f4xx_hal_cortex.o(i.HAL_NVIC_SetPriority)
    HAL_NVIC_SetPriorityGrouping             0x08001fdd   Thumb Code    26  stm32f4xx_hal_cortex.o(i.HAL_NVIC_SetPriorityGrouping)
    HAL_PWREx_EnableOverDrive                0x08002001   Thumb Code   126  stm32f4xx_hal_pwr_ex.o(i.HAL_PWREx_EnableOverDrive)
    HAL_RCC_ClockConfig                      0x0800208d   Thumb Code   364  stm32f4xx_hal_rcc.o(i.HAL_RCC_ClockConfig)
    HAL_RCC_GetClockConfig                   0x08002209   Thumb Code    54  stm32f4xx_hal_rcc.o(i.HAL_RCC_GetClockConfig)
    HAL_RCC_GetHCLKFreq                      0x08002249   Thumb Code     6  stm32f4xx_hal_rcc.o(i.HAL_RCC_GetHCLKFreq)
    HAL_RCC_GetPCLK1Freq                     0x08002255   Thumb Code    34  stm32f4xx_hal_rcc.o(i.HAL_RCC_GetPCLK1Freq)
    HAL_RCC_GetPCLK2Freq                     0x08002285   Thumb Code    34  stm32f4xx_hal_rcc.o(i.HAL_RCC_GetPCLK2Freq)
    HAL_RCC_GetSysClockFreq                  0x080022b5   Thumb Code   104  stm32f4xx_hal_rcc.o(i.HAL_RCC_GetSysClockFreq)
    HAL_RCC_OscConfig                        0x08002329   Thumb Code   722  stm32f4xx_hal_rcc.o(i.HAL_RCC_OscConfig)
    HAL_SPI_Init                             0x0800260d   Thumb Code   128  stm32f4xx_hal_spi.o(i.HAL_SPI_Init)
    HAL_SPI_MspInit                          0x0800268d   Thumb Code    64  spi.o(i.HAL_SPI_MspInit)
    HAL_SYSTICK_CLKSourceConfig              0x080026d9   Thumb Code    24  stm32f4xx_hal_cortex.o(i.HAL_SYSTICK_CLKSourceConfig)
    HAL_SYSTICK_Config                       0x080026f1   Thumb Code    40  stm32f4xx_hal_cortex.o(i.HAL_SYSTICK_Config)
    HAL_TIMEx_BreakCallback                  0x08002719   Thumb Code     2  stm32f4xx_hal_tim_ex.o(i.HAL_TIMEx_BreakCallback)
    HAL_TIMEx_CommutationCallback            0x0800271b   Thumb Code     2  stm32f4xx_hal_tim_ex.o(i.HAL_TIMEx_CommutationCallback)
    HAL_TIM_Base_Init                        0x0800271d   Thumb Code    54  stm32f4xx_hal_tim.o(i.HAL_TIM_Base_Init)
    HAL_TIM_Base_MspInit                     0x08002755   Thumb Code    50  tim.o(i.HAL_TIM_Base_MspInit)
    HAL_TIM_Base_Start_IT                    0x08002791   Thumb Code    24  stm32f4xx_hal_tim.o(i.HAL_TIM_Base_Start_IT)
    HAL_TIM_IC_CaptureCallback               0x080027a9   Thumb Code     2  stm32f4xx_hal_tim.o(i.HAL_TIM_IC_CaptureCallback)
    HAL_TIM_IRQHandler                       0x080027ab   Thumb Code   358  stm32f4xx_hal_tim.o(i.HAL_TIM_IRQHandler)
    HAL_TIM_OC_DelayElapsedCallback          0x08002911   Thumb Code     2  stm32f4xx_hal_tim.o(i.HAL_TIM_OC_DelayElapsedCallback)
    HAL_TIM_PWM_ConfigChannel                0x08002913   Thumb Code   208  stm32f4xx_hal_tim.o(i.HAL_TIM_PWM_ConfigChannel)
    HAL_TIM_PWM_Init                         0x080029e3   Thumb Code    54  stm32f4xx_hal_tim.o(i.HAL_TIM_PWM_Init)
    HAL_TIM_PWM_MspInit                      0x08002a19   Thumb Code   132  tim.o(i.HAL_TIM_PWM_MspInit)
    HAL_TIM_PWM_PulseFinishedCallback        0x08002ab1   Thumb Code     2  stm32f4xx_hal_tim.o(i.HAL_TIM_PWM_PulseFinishedCallback)
    HAL_TIM_PWM_Start                        0x08002ab5   Thumb Code    48  stm32f4xx_hal_tim.o(i.HAL_TIM_PWM_Start)
    HAL_TIM_PeriodElapsedCallback            0x08002aed   Thumb Code    36  tim.o(i.HAL_TIM_PeriodElapsedCallback)
    HAL_TIM_TriggerCallback                  0x08002b1d   Thumb Code     2  stm32f4xx_hal_tim.o(i.HAL_TIM_TriggerCallback)
    HAL_UART_ErrorCallback                   0x08002b1f   Thumb Code     2  stm32f4xx_hal_uart.o(i.HAL_UART_ErrorCallback)
    HAL_UART_GetState                        0x08002b21   Thumb Code    10  stm32f4xx_hal_uart.o(i.HAL_UART_GetState)
    HAL_UART_IRQHandler                      0x08002b2d   Thumb Code   266  stm32f4xx_hal_uart.o(i.HAL_UART_IRQHandler)
    HAL_UART_Init                            0x08002c3d   Thumb Code    98  stm32f4xx_hal_uart.o(i.HAL_UART_Init)
    HAL_UART_MspInit                         0x08002ca1   Thumb Code   390  usart.o(i.HAL_UART_MspInit)
    HAL_UART_Receive_IT                      0x08002e51   Thumb Code    72  stm32f4xx_hal_uart.o(i.HAL_UART_Receive_IT)
    HAL_UART_RxCpltCallback                  0x08002e99   Thumb Code    82  usart.o(i.HAL_UART_RxCpltCallback)
    HAL_UART_Transmit                        0x08002ef9   Thumb Code   186  stm32f4xx_hal_uart.o(i.HAL_UART_Transmit)
    HAL_UART_Transmit_DMA                    0x08002fb5   Thumb Code   114  stm32f4xx_hal_uart.o(i.HAL_UART_Transmit_DMA)
    HAL_UART_TxCpltCallback                  0x08003035   Thumb Code     2  usart.o(i.HAL_UART_TxCpltCallback)
    HAL_UART_TxHalfCpltCallback              0x08003037   Thumb Code     2  stm32f4xx_hal_uart.o(i.HAL_UART_TxHalfCpltCallback)
    HardFault_Handler                        0x08003039   Thumb Code     2  stm32f4xx_it.o(i.HardFault_Handler)
    InterpretCommand                         0x0800303d   Thumb Code   384  debug.o(i.InterpretCommand)
    IsValidGaitParams                        0x08003279   Thumb Code   260  posture_ctrl.o(i.IsValidGaitParams)
    IsValidLegGain                           0x08003429   Thumb Code   150  posture_ctrl.o(i.IsValidLegGain)
    MX_CAN1_Init                             0x08003515   Thumb Code    60  can.o(i.MX_CAN1_Init)
    MX_CAN2_Init                             0x08003559   Thumb Code    64  can.o(i.MX_CAN2_Init)
    MX_DMA_Init                              0x080035a1   Thumb Code   120  dma.o(i.MX_DMA_Init)
    MX_GPIO_Init                             0x0800361d   Thumb Code   310  gpio.o(i.MX_GPIO_Init)
    MX_SPI5_Init                             0x08003775   Thumb Code    62  spi.o(i.MX_SPI5_Init)
    MX_UART7_Init                            0x080037bd   Thumb Code    48  usart.o(i.MX_UART7_Init)
    MX_USART2_UART_Init                      0x080037f5   Thumb Code    64  usart.o(i.MX_USART2_UART_Init)
    MemManage_Handler                        0x08003841   Thumb Code     2  stm32f4xx_it.o(i.MemManage_Handler)
    MotorControl_task                        0x08003845   Thumb Code    34  moto_ctrl.o(i.MotorControl_task)
    NMI_Handler                              0x08003871   Thumb Code     2  stm32f4xx_it.o(i.NMI_Handler)
    PID_struct_init                          0x08003895   Thumb Code    16  pid.o(i.PID_struct_init)
    PostureControl_task                      0x080038ad   Thumb Code   532  posture_ctrl.o(i.PostureControl_task)
    Servo_Init                               0x08003ad9   Thumb Code    86  servo.o(i.Servo_Init)
    SetCoupledPosition                       0x08003b39   Thumb Code   326  posture_ctrl.o(i.SetCoupledPosition)
    SinTrajectory                            0x08003cb5   Thumb Code   400  posture_ctrl.o(i.SinTrajectory)
    SysTick_Handler                          0x08003e5d   Thumb Code     4  stm32f4xx_it.o(i.SysTick_Handler)
    SystemClock_Config                       0x08003e61   Thumb Code   156  main.o(i.SystemClock_Config)
    SystemInit                               0x08003f05   Thumb Code    66  system_stm32f4xx.o(i.SystemInit)
    TIM3_IRQHandler                          0x08003f59   Thumb Code     6  tim.o(i.TIM3_IRQHandler)
    TIM3_Init                                0x08003f65   Thumb Code    34  tim.o(i.TIM3_Init)
    TIM6_DAC_IRQHandler                      0x08003f91   Thumb Code     6  stm32f4xx_it.o(i.TIM6_DAC_IRQHandler)
    TIM_Base_SetConfig                       0x08003f9d   Thumb Code   148  stm32f4xx_hal_tim.o(i.TIM_Base_SetConfig)
    TIM_CCxChannelCmd                        0x0800405d   Thumb Code    22  stm32f4xx_hal_tim.o(i.TIM_CCxChannelCmd)
    TIM_OC2_SetConfig                        0x080040cd   Thumb Code    90  stm32f4xx_hal_tim.o(i.TIM_OC2_SetConfig)
    Test_task                                0x080041e1   Thumb Code     2  main.o(i.Test_task)
    UART7_IRQHandler                         0x080041e5   Thumb Code     6  stm32f4xx_it.o(i.UART7_IRQHandler)
    USART2_IRQHandler                        0x080046b1   Thumb Code    56  usart.o(i.USART2_IRQHandler)
    USART3_IRQHandler                        0x080046f5   Thumb Code     6  stm32f4xx_it.o(i.USART3_IRQHandler)
    USART6_IRQHandler                        0x08004701   Thumb Code     6  stm32f4xx_it.o(i.USART6_IRQHandler)
    UsageFault_Handler                       0x0800470d   Thumb Code     2  stm32f4xx_it.o(i.UsageFault_Handler)
    VcanGC_task                              0x0800470f   Thumb Code    12  vcan.o(i.VcanGC_task)
    Vcan_Send_Wave_Data                      0x0800471d   Thumb Code    54  vcan.o(i.Vcan_Send_Wave_Data)
    __0printf$1                              0x08004761   Thumb Code    22  printf1.o(i.__0printf$1)
    __1printf$1                              0x08004761   Thumb Code     0  printf1.o(i.__0printf$1)
    __2printf                                0x08004761   Thumb Code     0  printf1.o(i.__0printf$1)
    __ARM_fpclassify                         0x08004781   Thumb Code    48  fpclassify.o(i.__ARM_fpclassify)
    __hardfp_acos                            0x080047b1   Thumb Code   738  acos.o(i.__hardfp_acos)
    __hardfp_asin                            0x08004b09   Thumb Code   770  asin.o(i.__hardfp_asin)
    __hardfp_fmod                            0x08004e69   Thumb Code   254  fmod.o(i.__hardfp_fmod)
    __hardfp_pow                             0x08004f71   Thumb Code  3072  pow.o(i.__hardfp_pow)
    __hardfp_sin                             0x08005bc1   Thumb Code   180  sin.o(i.__hardfp_sin)
    __hardfp_sqrt                            0x08005c89   Thumb Code   122  sqrt.o(i.__hardfp_sqrt)
    __ieee754_rem_pio2                       0x08005d09   Thumb Code   938  rred.o(i.__ieee754_rem_pio2)
    __kernel_cos                             0x08006141   Thumb Code   322  cos_i.o(i.__kernel_cos)
    __kernel_poly                            0x080062b1   Thumb Code   248  poly.o(i.__kernel_poly)
    __kernel_sin                             0x080063a9   Thumb Code   280  sin_i.o(i.__kernel_sin)
    __mathlib_dbl_divzero                    0x080064d9   Thumb Code    28  dunder.o(i.__mathlib_dbl_divzero)
    __mathlib_dbl_infnan                     0x08006509   Thumb Code    20  dunder.o(i.__mathlib_dbl_infnan)
    __mathlib_dbl_infnan2                    0x0800651d   Thumb Code    20  dunder.o(i.__mathlib_dbl_infnan2)
    __mathlib_dbl_invalid                    0x08006531   Thumb Code    24  dunder.o(i.__mathlib_dbl_invalid)
    __mathlib_dbl_overflow                   0x08006551   Thumb Code    24  dunder.o(i.__mathlib_dbl_overflow)
    __mathlib_dbl_underflow                  0x08006571   Thumb Code    24  dunder.o(i.__mathlib_dbl_underflow)
    __scatterload_copy                       0x08006591   Thumb Code    14  handlers.o(i.__scatterload_copy)
    __scatterload_null                       0x0800659f   Thumb Code     2  handlers.o(i.__scatterload_null)
    __scatterload_zeroinit                   0x080065a1   Thumb Code    14  handlers.o(i.__scatterload_zeroinit)
    __set_errno                              0x080065b1   Thumb Code     6  errno.o(i.__set_errno)
    abs_limit                                0x08006711   Thumb Code    42  pid.o(i.abs_limit)
    buzzer_init                              0x0800673d   Thumb Code    64  buzzer.o(i.buzzer_init)
    buzzer_on                                0x08006785   Thumb Code    12  buzzer.o(i.buzzer_on)
    fabs                                     0x08006795   Thumb Code    24  fabs.o(i.fabs)
    flow_led_off                             0x080067ad   Thumb Code    14  led.o(i.flow_led_off)
    flow_led_on                              0x080067c1   Thumb Code    14  led.o(i.flow_led_on)
    fputc                                    0x080067d5   Thumb Code    26  usart.o(i.fputc)
    gait                                     0x080067f9   Thumb Code   320  posture_ctrl.o(i.gait)
    gait_detached                            0x08006945   Thumb Code   232  posture_ctrl.o(i.gait_detached)
    get_moto_measure                         0x08006a39   Thumb Code    84  bsp_can.o(i.get_moto_measure)
    get_moto_offset                          0x08006a8d   Thumb Code    12  bsp_can.o(i.get_moto_offset)
    led_configuration                        0x08006a99   Thumb Code   124  led.o(i.led_configuration)
    led_green_off                            0x08006b25   Thumb Code    10  led.o(i.led_green_off)
    led_red_off                              0x08006b35   Thumb Code    10  led.o(i.led_red_off)
    led_red_toggle                           0x08006b45   Thumb Code    10  led.o(i.led_red_toggle)
    main                                     0x08006b55   Thumb Code   182  main.o(i.main)
    moto_behaviour                           0x08006c35   Thumb Code   302  moto_ctrl.o(i.moto_behaviour)
    moto_param_init                          0x08006d7d   Thumb Code   118  moto_ctrl.o(i.moto_param_init)
    my_can_filter_init_recv_all              0x08006e05   Thumb Code    84  bsp_can.o(i.my_can_filter_init_recv_all)
    osSystickHandler                         0x08006e65   Thumb Code    20  cmsis_os.o(i.osSystickHandler)
    pid_calc                                 0x08006e79   Thumb Code   448  pid.o(i.pid_calc)
    pid_reset_kpkd                           0x08007051   Thumb Code    10  pid.o(i.pid_reset_kpkd)
    pvPortMalloc                             0x08007221   Thumb Code   210  heap_4.o(i.pvPortMalloc)
    pxPortInitialiseStack                    0x080072f9   Thumb Code    36  port.o(i.pxPortInitialiseStack)
    send_chassis_cur1_4                      0x08007321   Thumb Code    78  moto_ctrl.o(i.send_chassis_cur1_4)
    send_chassis_cur5_8                      0x08007375   Thumb Code    78  moto_ctrl.o(i.send_chassis_cur5_8)
    sqrt                                     0x080073c9   Thumb Code   110  sqrt.o(i.sqrt)
    start_task                               0x08007439   Thumb Code   174  main.o(i.start_task)
    uxListRemove                             0x0800755d   Thumb Code    36  list.o(i.uxListRemove)
    vListInitialise                          0x08007581   Thumb Code    22  list.o(i.vListInitialise)
    vListInitialiseItem                      0x08007597   Thumb Code     6  list.o(i.vListInitialiseItem)
    vListInsert                              0x0800759d   Thumb Code    48  list.o(i.vListInsert)
    vListInsertEnd                           0x080075cd   Thumb Code    24  list.o(i.vListInsertEnd)
    vPortEnterCritical                       0x080075e5   Thumb Code    54  port.o(i.vPortEnterCritical)
    vPortExitCritical                        0x08007625   Thumb Code    34  port.o(i.vPortExitCritical)
    vPortFree                                0x0800764d   Thumb Code    88  heap_4.o(i.vPortFree)
    vPortSetupTimerInterrupt                 0x080076a9   Thumb Code    26  port.o(i.vPortSetupTimerInterrupt)
    vTaskDelay                               0x080076c9   Thumb Code    94  tasks.o(i.vTaskDelay)
    vTaskDelete                              0x08007731   Thumb Code   150  tasks.o(i.vTaskDelete)
    vTaskResume                              0x080077d5   Thumb Code   116  tasks.o(i.vTaskResume)
    vTaskStartScheduler                      0x08007855   Thumb Code    86  tasks.o(i.vTaskStartScheduler)
    vTaskSuspend                             0x080078bd   Thumb Code   162  tasks.o(i.vTaskSuspend)
    vTaskSuspendAll                          0x08007971   Thumb Code    10  tasks.o(i.vTaskSuspendAll)
    vTaskSwitchContext                       0x08007981   Thumb Code    82  tasks.o(i.vTaskSwitchContext)
    xPortStartScheduler                      0x080079dd   Thumb Code   202  port.o(i.xPortStartScheduler)
    xPortSysTickHandler                      0x08007abd   Thumb Code    38  port.o(i.xPortSysTickHandler)
    xTaskGenericCreate                       0x08007ae9   Thumb Code   428  tasks.o(i.xTaskGenericCreate)
    xTaskGetSchedulerState                   0x08007ca5   Thumb Code    22  tasks.o(i.xTaskGetSchedulerState)
    xTaskGetTickCount                        0x08007cc1   Thumb Code     6  tasks.o(i.xTaskGetTickCount)
    xTaskIncrementTick                       0x08007ccd   Thumb Code   194  tasks.o(i.xTaskIncrementTick)
    xTaskResumeAll                           0x08007d99   Thumb Code   182  tasks.o(i.xTaskResumeAll)
    APBAHBPrescTable                         0x08007e64   Data          16  stm32f4xx_hal_rcc.o(.constdata)
    __mathlib_zero                           0x08008288   Data           8  qnan.o(.constdata)
    Region$$Table$$Base                      0x08008380   Number         0  anon$$obj.o(Region$$Table)
    Region$$Table$$Limit                     0x080083a0   Number         0  anon$$obj.o(Region$$Table)
    uwTick                                   0x20000000   Data           4  stm32f4xx_hal.o(.data)
    SystemCoreClock                          0x20000004   Data           4  system_stm32f4xx.o(.data)
    pxCurrentTCB                             0x20000008   Data           4  tasks.o(.data)
    times                                    0x20000068   Data           8  tim.o(.data)
    ch                                       0x20000070   Data           1  usart.o(.data)
    ch_r                                     0x20000071   Data           1  usart.o(.data)
    USART_RX_STA                             0x20000072   Data           2  usart.o(.data)
    aRxBuffer                                0x20000074   Data           2  usart.o(.data)
    StartTask_Handler                        0x2000007c   Data           4  main.o(.data)
    MotorControlTask_Handler                 0x20000080   Data           4  main.o(.data)
    DebugTask_Handler                        0x20000084   Data           4  main.o(.data)
    PostureControlTask_Handler               0x20000088   Data           4  main.o(.data)
    DetectTask_Handler                       0x2000008c   Data           4  main.o(.data)
    TestTask_Handler                         0x20000090   Data           4  main.o(.data)
    VcanGCTask_Handler                       0x20000094   Data           4  main.o(.data)
    state                                    0x20000098   Data           1  posture_ctrl.o(.data)
    state_gait_gains                         0x200000b4   Data         224  posture_ctrl.o(.data)
    state_gait_params                        0x20000194   Data         336  posture_ctrl.o(.data)
    gait_params_1                            0x200002e4   Data          24  posture_ctrl.o(.data)
    gait_params_2                            0x200002fc   Data          24  posture_ctrl.o(.data)
    IsMotoReadyOrNot                         0x20000314   Data           1  moto_ctrl.o(.data)
    len                                      0x20000316   Data           1  debug.o(.data)
    time                                     0x20000318   Data           2  debug.o(.data)
    wave_form_data                           0x2000032a   Data           6  vcan.o(.data)
    __stdout                                 0x20000330   Data           4  stdout.o(.data)
    TIM3_Handler                             0x20007c50   Data          60  tim.o(.bss)
    USART_RX_BUF                             0x20007c8c   Data        4000  usart.o(.bss)
    huart7                                   0x20008c2c   Data          64  usart.o(.bss)
    huart2                                   0x20008c6c   Data          64  usart.o(.bss)
    huart6                                   0x20008cac   Data          64  usart.o(.bss)
    hdma_uart7_tx                            0x20008cec   Data          96  usart.o(.bss)
    hdma_usart2_rx                           0x20008d4c   Data          96  usart.o(.bss)
    hdma_usart6_rx                           0x20008dac   Data          96  usart.o(.bss)
    huart3                                   0x20008e0c   Data          64  usart.o(.bss)
    hdma_usart1_rx                           0x20008e4c   Data          96  usart.o(.bss)
    hdma_usart2_tx                           0x20008eac   Data          96  usart.o(.bss)
    htim6                                    0x20008f0c   Data          60  stm32f4xx_hal_timebase_tim.o(.bss)
    hspi5                                    0x20008f48   Data          88  spi.o(.bss)
    hcan1                                    0x20008fa0   Data          64  can.o(.bss)
    hcan2                                    0x20008fe0   Data          64  can.o(.bss)
    ref_agle                                 0x20009020   Data          32  moto_ctrl.o(.bss)
    temp_pid                                 0x20009040   Data          64  moto_ctrl.o(.bss)
    pid_pos                                  0x200091c4   Data         864  pid.o(.bss)
    pid_spd                                  0x20009524   Data         864  pid.o(.bss)
    moto_chassis                             0x20009884   Data         352  bsp_can.o(.bss)
    moto_info                                0x20009a64   Data          44  bsp_can.o(.bss)
    VcanTxBuff                               0x20009a90   Data          10  vcan.o(.bss)
    TIM12_Handler                            0x20009a9c   Data          60  buzzer.o(.bss)
    TIM12_CH1Handler                         0x20009ad8   Data          28  buzzer.o(.bss)
    TIM4_Handler                             0x20009af4   Data          60  servo.o(.bss)
    TIM4_CH1Handler                          0x20009b30   Data          28  servo.o(.bss)
    TIM4_CH2Handler                          0x20009b4c   Data          28  servo.o(.bss)
    __initial_sp                             0x20009f68   Data           0  startup_stm32f427xx.o(STACK)



==============================================================================

Memory Map of the image

  Image Entry point : 0x080001ad

  Load Region LR_IROM1 (Base: 0x08000000, Size: 0x000086d8, Max: 0x00200000, ABSOLUTE, COMPRESSED[0x0000842c])

    Execution Region ER_IROM1 (Exec base: 0x08000000, Load base: 0x08000000, Size: 0x000083a0, Max: 0x00200000, ABSOLUTE)

    Exec Addr    Load Addr    Size         Type   Attr      Idx    E Section Name        Object

    0x08000000   0x08000000   0x000001ac   Data   RO         4281    RESET               startup_stm32f427xx.o
    0x080001ac   0x080001ac   0x00000000   Code   RO         5616  * .ARM.Collect$$$$00000000  mc_w.l(entry.o)
    0x080001ac   0x080001ac   0x00000004   Code   RO         5939    .ARM.Collect$$$$00000001  mc_w.l(entry2.o)
    0x080001b0   0x080001b0   0x00000004   Code   RO         5942    .ARM.Collect$$$$00000004  mc_w.l(entry5.o)
    0x080001b4   0x080001b4   0x00000000   Code   RO         5944    .ARM.Collect$$$$00000008  mc_w.l(entry7b.o)
    0x080001b4   0x080001b4   0x00000000   Code   RO         5946    .ARM.Collect$$$$0000000A  mc_w.l(entry8b.o)
    0x080001b4   0x080001b4   0x00000008   Code   RO         5947    .ARM.Collect$$$$0000000B  mc_w.l(entry9a.o)
    0x080001bc   0x080001bc   0x00000000   Code   RO         5949    .ARM.Collect$$$$0000000D  mc_w.l(entry10a.o)
    0x080001bc   0x080001bc   0x00000000   Code   RO         5951    .ARM.Collect$$$$0000000F  mc_w.l(entry11a.o)
    0x080001bc   0x080001bc   0x00000004   Code   RO         5940    .ARM.Collect$$$$00002712  mc_w.l(entry2.o)
    0x080001c0   0x080001c0   0x000000ba   Code   RO         4156    .emb_text           port.o
    0x0800027a   0x0800027a   0x00000002   PAD
    0x0800027c   0x0800027c   0x00000024   Code   RO         4282    .text               startup_stm32f427xx.o
    0x080002a0   0x080002a0   0x00000024   Code   RO         5619    .text               mc_w.l(memcpya.o)
    0x080002c4   0x080002c4   0x00000024   Code   RO         5621    .text               mc_w.l(memseta.o)
    0x080002e8   0x080002e8   0x0000014e   Code   RO         5886    .text               mf_w.l(dadd.o)
    0x08000436   0x08000436   0x000000e4   Code   RO         5888    .text               mf_w.l(dmul.o)
    0x0800051a   0x0800051a   0x000000de   Code   RO         5890    .text               mf_w.l(ddiv.o)
    0x080005f8   0x080005f8   0x00000018   Code   RO         5892    .text               mf_w.l(dfltul.o)
    0x08000610   0x08000610   0x00000026   Code   RO         5894    .text               mf_w.l(f2d.o)
    0x08000636   0x08000636   0x00000002   PAD
    0x08000638   0x08000638   0x00000030   Code   RO         5896    .text               mf_w.l(cdrcmple.o)
    0x08000668   0x08000668   0x00000038   Code   RO         5898    .text               mf_w.l(d2f.o)
    0x080006a0   0x080006a0   0x0000002c   Code   RO         5954    .text               mc_w.l(uidiv.o)
    0x080006cc   0x080006cc   0x0000001e   Code   RO         5958    .text               mc_w.l(llshl.o)
    0x080006ea   0x080006ea   0x00000024   Code   RO         5960    .text               mc_w.l(llsshr.o)
    0x0800070e   0x0800070e   0x00000000   Code   RO         5969    .text               mc_w.l(iusefp.o)
    0x0800070e   0x0800070e   0x0000006e   Code   RO         5970    .text               mf_w.l(fepilogue.o)
    0x0800077c   0x0800077c   0x000000ba   Code   RO         5972    .text               mf_w.l(depilogue.o)
    0x08000836   0x08000836   0x0000002e   Code   RO         5976    .text               mf_w.l(dscalb.o)
    0x08000864   0x08000864   0x000000a2   Code   RO         5978    .text               mf_w.l(dsqrt.o)
    0x08000906   0x08000906   0x00000086   Code   RO         5980    .text               mf_w.l(drem.o)
    0x0800098c   0x0800098c   0x00000022   Code   RO         5982    .text               mf_w.l(dflti.o)
    0x080009ae   0x080009ae   0x00000002   PAD
    0x080009b0   0x080009b0   0x00000024   Code   RO         5988    .text               mc_w.l(init.o)
    0x080009d4   0x080009d4   0x00000020   Code   RO         5990    .text               mc_w.l(llushr.o)
    0x080009f4   0x080009f4   0x0000001a   Code   RO         5992    .text               mf_w.l(dfltui.o)
    0x08000a0e   0x08000a0e   0x0000003e   Code   RO         5994    .text               mf_w.l(dfixi.o)
    0x08000a4c   0x08000a4c   0x00000056   Code   RO         6004    .text               mc_w.l(__dczerorl2.o)
    0x08000aa2   0x08000aa2   0x00000002   PAD
    0x08000aa4   0x08000aa4   0x00000044   Code   RO         5368    i.BeginWarnBuzzer   buzzer.o
    0x08000ae8   0x08000ae8   0x00000002   Code   RO         3046    i.BusFault_Handler  stm32f4xx_it.o
    0x08000aea   0x08000aea   0x00000002   PAD
    0x08000aec   0x08000aec   0x0000000c   Code   RO         3047    i.CAN1_RX0_IRQHandler  stm32f4xx_it.o
    0x08000af8   0x08000af8   0x0000000c   Code   RO         3048    i.CAN1_TX_IRQHandler  stm32f4xx_it.o
    0x08000b04   0x08000b04   0x0000000c   Code   RO         3049    i.CAN2_RX0_IRQHandler  stm32f4xx_it.o
    0x08000b10   0x08000b10   0x0000000c   Code   RO         3050    i.CAN2_TX_IRQHandler  stm32f4xx_it.o
    0x08000b1c   0x08000b1c   0x00000128   Code   RO            4    i.CAN_Receive_IT    stm32f4xx_hal_can.o
    0x08000c44   0x08000c44   0x00000060   Code   RO            5    i.CAN_Transmit_IT   stm32f4xx_hal_can.o
    0x08000ca4   0x08000ca4   0x0000020c   Code   RO         4763    i.CartesianToTheta  posture_ctrl.o
    0x08000eb0   0x08000eb0   0x00000060   Code   RO         4764    i.ChangeTheGainsOfPD  posture_ctrl.o
    0x08000f10   0x08000f10   0x0000001e   Code   RO         4765    i.CommandAllLegs    posture_ctrl.o
    0x08000f2e   0x08000f2e   0x00000034   Code   RO         4766    i.CoupledMoveLeg    posture_ctrl.o
    0x08000f62   0x08000f62   0x00000002   PAD
    0x08000f64   0x08000f64   0x0000000c   Code   RO         3051    i.DMA1_Stream1_IRQHandler  stm32f4xx_it.o
    0x08000f70   0x08000f70   0x0000000c   Code   RO         3052    i.DMA1_Stream5_IRQHandler  stm32f4xx_it.o
    0x08000f7c   0x08000f7c   0x0000000c   Code   RO         3053    i.DMA1_Stream6_IRQHandler  stm32f4xx_it.o
    0x08000f88   0x08000f88   0x0000000c   Code   RO         3054    i.DMA2_Stream1_IRQHandler  stm32f4xx_it.o
    0x08000f94   0x08000f94   0x0000000c   Code   RO         3055    i.DMA2_Stream2_IRQHandler  stm32f4xx_it.o
    0x08000fa0   0x08000fa0   0x00000028   Code   RO         2499    i.DMA_CalcBaseAndBitshift  stm32f4xx_hal_dma.o
    0x08000fc8   0x08000fc8   0x00000054   Code   RO         2500    i.DMA_CheckFifoParam  stm32f4xx_hal_dma.o
    0x0800101c   0x0800101c   0x00000028   Code   RO         2501    i.DMA_SetConfig     stm32f4xx_hal_dma.o
    0x08001044   0x08001044   0x00000002   Code   RO         3056    i.DebugMon_Handler  stm32f4xx_it.o
    0x08001046   0x08001046   0x00000006   Code   RO         4912    i.Debug_task        debug.o
    0x0800104c   0x0800104c   0x00000090   Code   RO         4955    i.DetectDisplay     detect_task.o
    0x080010dc   0x080010dc   0x00000078   Code   RO         4957    i.DetectInit        detect_task.o
    0x08001154   0x08001154   0x000000fc   Code   RO         4958    i.Detect_task       detect_task.o
    0x08001250   0x08001250   0x00000002   Code   RO         4711    i.Error_Handler     main.o
    0x08001252   0x08001252   0x00000002   PAD
    0x08001254   0x08001254   0x000000e4   Code   RO            6    i.HAL_CAN_ConfigFilter  stm32f4xx_hal_can.o
    0x08001338   0x08001338   0x00000002   Code   RO            8    i.HAL_CAN_ErrorCallback  stm32f4xx_hal_can.o
    0x0800133a   0x0800133a   0x00000002   PAD
    0x0800133c   0x0800133c   0x00000180   Code   RO           11    i.HAL_CAN_IRQHandler  stm32f4xx_hal_can.o
    0x080014bc   0x080014bc   0x00000148   Code   RO           12    i.HAL_CAN_Init      stm32f4xx_hal_can.o
    0x08001604   0x08001604   0x000000e0   Code   RO         4663    i.HAL_CAN_MspInit   can.o
    0x080016e4   0x080016e4   0x00000086   Code   RO           16    i.HAL_CAN_Receive_IT  stm32f4xx_hal_can.o
    0x0800176a   0x0800176a   0x00000002   PAD
    0x0800176c   0x0800176c   0x00000070   Code   RO         5259    i.HAL_CAN_RxCpltCallback  bsp_can.o
    0x080017dc   0x080017dc   0x00000194   Code   RO           19    i.HAL_CAN_Transmit  stm32f4xx_hal_can.o
    0x08001970   0x08001970   0x00000002   Code   RO           21    i.HAL_CAN_TxCpltCallback  stm32f4xx_hal_can.o
    0x08001972   0x08001972   0x00000024   Code   RO         2503    i.HAL_DMA_Abort_IT  stm32f4xx_hal_dma.o
    0x08001996   0x08001996   0x00000002   PAD
    0x08001998   0x08001998   0x000001a8   Code   RO         2507    i.HAL_DMA_IRQHandler  stm32f4xx_hal_dma.o
    0x08001b40   0x08001b40   0x000000d0   Code   RO         2508    i.HAL_DMA_Init      stm32f4xx_hal_dma.o
    0x08001c10   0x08001c10   0x00000078   Code   RO         2512    i.HAL_DMA_Start_IT  stm32f4xx_hal_dma.o
    0x08001c88   0x08001c88   0x000001cc   Code   RO          248    i.HAL_GPIO_Init     stm32f4xx_hal_gpio.o
    0x08001e54   0x08001e54   0x00000008   Code   RO          251    i.HAL_GPIO_TogglePin  stm32f4xx_hal_gpio.o
    0x08001e5c   0x08001e5c   0x0000000a   Code   RO          252    i.HAL_GPIO_WritePin  stm32f4xx_hal_gpio.o
    0x08001e66   0x08001e66   0x00000002   PAD
    0x08001e68   0x08001e68   0x0000000c   Code   RO         1057    i.HAL_GetTick       stm32f4xx_hal.o
    0x08001e74   0x08001e74   0x00000010   Code   RO         1058    i.HAL_IncTick       stm32f4xx_hal.o
    0x08001e84   0x08001e84   0x00000034   Code   RO         1059    i.HAL_Init          stm32f4xx_hal.o
    0x08001eb8   0x08001eb8   0x00000074   Code   RO         4556    i.HAL_InitTick      stm32f4xx_hal_timebase_tim.o
    0x08001f2c   0x08001f2c   0x00000058   Code   RO         2710    i.HAL_MspInit       stm32f4xx_hal_msp.o
    0x08001f84   0x08001f84   0x00000016   Code   RO          532    i.HAL_NVIC_EnableIRQ  stm32f4xx_hal_cortex.o
    0x08001f9a   0x08001f9a   0x00000002   PAD
    0x08001f9c   0x08001f9c   0x00000040   Code   RO          538    i.HAL_NVIC_SetPriority  stm32f4xx_hal_cortex.o
    0x08001fdc   0x08001fdc   0x00000024   Code   RO          539    i.HAL_NVIC_SetPriorityGrouping  stm32f4xx_hal_cortex.o
    0x08002000   0x08002000   0x0000008c   Code   RO         1243    i.HAL_PWREx_EnableOverDrive  stm32f4xx_hal_pwr_ex.o
    0x0800208c   0x0800208c   0x0000017c   Code   RO         2606    i.HAL_RCC_ClockConfig  stm32f4xx_hal_rcc.o
    0x08002208   0x08002208   0x00000040   Code   RO         2610    i.HAL_RCC_GetClockConfig  stm32f4xx_hal_rcc.o
    0x08002248   0x08002248   0x0000000c   Code   RO         2611    i.HAL_RCC_GetHCLKFreq  stm32f4xx_hal_rcc.o
    0x08002254   0x08002254   0x00000030   Code   RO         2613    i.HAL_RCC_GetPCLK1Freq  stm32f4xx_hal_rcc.o
    0x08002284   0x08002284   0x00000030   Code   RO         2614    i.HAL_RCC_GetPCLK2Freq  stm32f4xx_hal_rcc.o
    0x080022b4   0x080022b4   0x00000074   Code   RO         2615    i.HAL_RCC_GetSysClockFreq  stm32f4xx_hal_rcc.o
    0x08002328   0x08002328   0x000002e4   Code   RO         2618    i.HAL_RCC_OscConfig  stm32f4xx_hal_rcc.o
    0x0800260c   0x0800260c   0x00000080   Code   RO         1317    i.HAL_SPI_Init      stm32f4xx_hal_spi.o
    0x0800268c   0x0800268c   0x0000004c   Code   RO         4621    i.HAL_SPI_MspInit   spi.o
    0x080026d8   0x080026d8   0x00000018   Code   RO          541    i.HAL_SYSTICK_CLKSourceConfig  stm32f4xx_hal_cortex.o
    0x080026f0   0x080026f0   0x00000028   Code   RO          543    i.HAL_SYSTICK_Config  stm32f4xx_hal_cortex.o
    0x08002718   0x08002718   0x00000002   Code   RO         1588    i.HAL_TIMEx_BreakCallback  stm32f4xx_hal_tim_ex.o
    0x0800271a   0x0800271a   0x00000002   Code   RO         1589    i.HAL_TIMEx_CommutationCallback  stm32f4xx_hal_tim_ex.o
    0x0800271c   0x0800271c   0x00000036   Code   RO         1829    i.HAL_TIM_Base_Init  stm32f4xx_hal_tim.o
    0x08002752   0x08002752   0x00000002   PAD
    0x08002754   0x08002754   0x0000003c   Code   RO         4289    i.HAL_TIM_Base_MspInit  tim.o
    0x08002790   0x08002790   0x00000018   Code   RO         1834    i.HAL_TIM_Base_Start_IT  stm32f4xx_hal_tim.o
    0x080027a8   0x080027a8   0x00000002   Code   RO         1858    i.HAL_TIM_IC_CaptureCallback  stm32f4xx_hal_tim.o
    0x080027aa   0x080027aa   0x00000166   Code   RO         1871    i.HAL_TIM_IRQHandler  stm32f4xx_hal_tim.o
    0x08002910   0x08002910   0x00000002   Code   RO         1874    i.HAL_TIM_OC_DelayElapsedCallback  stm32f4xx_hal_tim.o
    0x08002912   0x08002912   0x000000d0   Code   RO         1895    i.HAL_TIM_PWM_ConfigChannel  stm32f4xx_hal_tim.o
    0x080029e2   0x080029e2   0x00000036   Code   RO         1898    i.HAL_TIM_PWM_Init  stm32f4xx_hal_tim.o
    0x08002a18   0x08002a18   0x00000098   Code   RO         4290    i.HAL_TIM_PWM_MspInit  tim.o
    0x08002ab0   0x08002ab0   0x00000002   Code   RO         1901    i.HAL_TIM_PWM_PulseFinishedCallback  stm32f4xx_hal_tim.o
    0x08002ab2   0x08002ab2   0x00000002   PAD
    0x08002ab4   0x08002ab4   0x00000038   Code   RO         1902    i.HAL_TIM_PWM_Start  stm32f4xx_hal_tim.o
    0x08002aec   0x08002aec   0x00000030   Code   RO         4291    i.HAL_TIM_PeriodElapsedCallback  tim.o
    0x08002b1c   0x08002b1c   0x00000002   Code   RO         1912    i.HAL_TIM_TriggerCallback  stm32f4xx_hal_tim.o
    0x08002b1e   0x08002b1e   0x00000002   Code   RO          802    i.HAL_UART_ErrorCallback  stm32f4xx_hal_uart.o
    0x08002b20   0x08002b20   0x0000000a   Code   RO          804    i.HAL_UART_GetState  stm32f4xx_hal_uart.o
    0x08002b2a   0x08002b2a   0x00000002   PAD
    0x08002b2c   0x08002b2c   0x00000110   Code   RO          805    i.HAL_UART_IRQHandler  stm32f4xx_hal_uart.o
    0x08002c3c   0x08002c3c   0x00000062   Code   RO          806    i.HAL_UART_Init     stm32f4xx_hal_uart.o
    0x08002c9e   0x08002c9e   0x00000002   PAD
    0x08002ca0   0x08002ca0   0x000001b0   Code   RO         4439    i.HAL_UART_MspInit  usart.o
    0x08002e50   0x08002e50   0x00000048   Code   RO          811    i.HAL_UART_Receive_IT  stm32f4xx_hal_uart.o
    0x08002e98   0x08002e98   0x00000060   Code   RO         4440    i.HAL_UART_RxCpltCallback  usart.o
    0x08002ef8   0x08002ef8   0x000000ba   Code   RO          814    i.HAL_UART_Transmit  stm32f4xx_hal_uart.o
    0x08002fb2   0x08002fb2   0x00000002   PAD
    0x08002fb4   0x08002fb4   0x00000080   Code   RO          815    i.HAL_UART_Transmit_DMA  stm32f4xx_hal_uart.o
    0x08003034   0x08003034   0x00000002   Code   RO         4441    i.HAL_UART_TxCpltCallback  usart.o
    0x08003036   0x08003036   0x00000002   Code   RO          818    i.HAL_UART_TxHalfCpltCallback  stm32f4xx_hal_uart.o
    0x08003038   0x08003038   0x00000002   Code   RO         3057    i.HardFault_Handler  stm32f4xx_it.o
    0x0800303a   0x0800303a   0x00000002   PAD
    0x0800303c   0x0800303c   0x0000023c   Code   RO         4913    i.InterpretCommand  debug.o
    0x08003278   0x08003278   0x000001b0   Code   RO         4767    i.IsValidGaitParams  posture_ctrl.o
    0x08003428   0x08003428   0x000000ec   Code   RO         4768    i.IsValidLegGain    posture_ctrl.o
    0x08003514   0x08003514   0x00000044   Code   RO         4664    i.MX_CAN1_Init      can.o
    0x08003558   0x08003558   0x00000048   Code   RO         4665    i.MX_CAN2_Init      can.o
    0x080035a0   0x080035a0   0x0000007c   Code   RO         4532    i.MX_DMA_Init       dma.o
    0x0800361c   0x0800361c   0x00000158   Code   RO         4596    i.MX_GPIO_Init      gpio.o
    0x08003774   0x08003774   0x00000048   Code   RO         4622    i.MX_SPI5_Init      spi.o
    0x080037bc   0x080037bc   0x00000038   Code   RO         4442    i.MX_UART7_Init     usart.o
    0x080037f4   0x080037f4   0x0000004c   Code   RO         4443    i.MX_USART2_UART_Init  usart.o
    0x08003840   0x08003840   0x00000002   Code   RO         3058    i.MemManage_Handler  stm32f4xx_it.o
    0x08003842   0x08003842   0x00000002   PAD
    0x08003844   0x08003844   0x0000002c   Code   RO         4856    i.MotorControl_task  moto_ctrl.o
    0x08003870   0x08003870   0x00000002   Code   RO         3059    i.NMI_Handler       stm32f4xx_it.o
    0x08003872   0x08003872   0x00000020   Code   RO          545    i.NVIC_SetPriority  stm32f4xx_hal_cortex.o
    0x08003892   0x08003892   0x00000002   PAD
    0x08003894   0x08003894   0x00000018   Code   RO         5182    i.PID_struct_init   pid.o
    0x080038ac   0x080038ac   0x0000022c   Code   RO         4769    i.PostureControl_task  posture_ctrl.o
    0x08003ad8   0x08003ad8   0x00000060   Code   RO         5511    i.Servo_Init        servo.o
    0x08003b38   0x08003b38   0x0000017c   Code   RO         4770    i.SetCoupledPosition  posture_ctrl.o
    0x08003cb4   0x08003cb4   0x000001a8   Code   RO         4771    i.SinTrajectory     posture_ctrl.o
    0x08003e5c   0x08003e5c   0x00000004   Code   RO         3060    i.SysTick_Handler   stm32f4xx_it.o
    0x08003e60   0x08003e60   0x000000a4   Code   RO         4712    i.SystemClock_Config  main.o
    0x08003f04   0x08003f04   0x00000054   Code   RO         3010    i.SystemInit        system_stm32f4xx.o
    0x08003f58   0x08003f58   0x0000000c   Code   RO         4292    i.TIM3_IRQHandler   tim.o
    0x08003f64   0x08003f64   0x0000002c   Code   RO         4293    i.TIM3_Init         tim.o
    0x08003f90   0x08003f90   0x0000000c   Code   RO         3061    i.TIM6_DAC_IRQHandler  stm32f4xx_it.o
    0x08003f9c   0x08003f9c   0x000000c0   Code   RO         1913    i.TIM_Base_SetConfig  stm32f4xx_hal_tim.o
    0x0800405c   0x0800405c   0x00000016   Code   RO         1914    i.TIM_CCxChannelCmd  stm32f4xx_hal_tim.o
    0x08004072   0x08004072   0x00000002   PAD
    0x08004074   0x08004074   0x00000058   Code   RO         1922    i.TIM_OC1_SetConfig  stm32f4xx_hal_tim.o
    0x080040cc   0x080040cc   0x00000064   Code   RO         1923    i.TIM_OC2_SetConfig  stm32f4xx_hal_tim.o
    0x08004130   0x08004130   0x00000060   Code   RO         1924    i.TIM_OC3_SetConfig  stm32f4xx_hal_tim.o
    0x08004190   0x08004190   0x00000050   Code   RO         1925    i.TIM_OC4_SetConfig  stm32f4xx_hal_tim.o
    0x080041e0   0x080041e0   0x00000002   Code   RO         4713    i.Test_task         main.o
    0x080041e2   0x080041e2   0x00000002   PAD
    0x080041e4   0x080041e4   0x0000000c   Code   RO         3062    i.UART7_IRQHandler  stm32f4xx_it.o
    0x080041f0   0x080041f0   0x00000010   Code   RO          819    i.UART_DMAAbortOnError  stm32f4xx_hal_uart.o
    0x08004200   0x08004200   0x0000004a   Code   RO          820    i.UART_DMAError     stm32f4xx_hal_uart.o
    0x0800424a   0x0800424a   0x0000002e   Code   RO          823    i.UART_DMATransmitCplt  stm32f4xx_hal_uart.o
    0x08004278   0x08004278   0x0000000a   Code   RO          824    i.UART_DMATxHalfCplt  stm32f4xx_hal_uart.o
    0x08004282   0x08004282   0x0000001c   Code   RO          825    i.UART_EndRxTransfer  stm32f4xx_hal_uart.o
    0x0800429e   0x0800429e   0x00000012   Code   RO          826    i.UART_EndTxTransfer  stm32f4xx_hal_uart.o
    0x080042b0   0x080042b0   0x0000008c   Code   RO          827    i.UART_Receive_IT   stm32f4xx_hal_uart.o
    0x0800433c   0x0800433c   0x000002ac   Code   RO          828    i.UART_SetConfig    stm32f4xx_hal_uart.o
    0x080045e8   0x080045e8   0x00000062   Code   RO          829    i.UART_Transmit_IT  stm32f4xx_hal_uart.o
    0x0800464a   0x0800464a   0x00000064   Code   RO          830    i.UART_WaitOnFlagUntilTimeout  stm32f4xx_hal_uart.o
    0x080046ae   0x080046ae   0x00000002   PAD
    0x080046b0   0x080046b0   0x00000044   Code   RO         4445    i.USART2_IRQHandler  usart.o
    0x080046f4   0x080046f4   0x0000000c   Code   RO         3063    i.USART3_IRQHandler  stm32f4xx_it.o
    0x08004700   0x08004700   0x0000000c   Code   RO         3064    i.USART6_IRQHandler  stm32f4xx_it.o
    0x0800470c   0x0800470c   0x00000002   Code   RO         3065    i.UsageFault_Handler  stm32f4xx_it.o
    0x0800470e   0x0800470e   0x0000000c   Code   RO         5331    i.VcanGC_task       vcan.o
    0x0800471a   0x0800471a   0x00000002   PAD
    0x0800471c   0x0800471c   0x00000044   Code   RO         5332    i.Vcan_Send_Wave_Data  vcan.o
    0x08004760   0x08004760   0x00000020   Code   RO         5670    i.__0printf$1       mc_w.l(printf1.o)
    0x08004780   0x08004780   0x00000030   Code   RO         5923    i.__ARM_fpclassify  m_wm.l(fpclassify.o)
    0x080047b0   0x080047b0   0x00000358   Code   RO         5538    i.__hardfp_acos     m_wm.l(acos.o)
    0x08004b08   0x08004b08   0x00000360   Code   RO         5552    i.__hardfp_asin     m_wm.l(asin.o)
    0x08004e68   0x08004e68   0x00000104   Code   RO         5566    i.__hardfp_fmod     m_wm.l(fmod.o)
    0x08004f6c   0x08004f6c   0x00000004   PAD
    0x08004f70   0x08004f70   0x00000c50   Code   RO         5578    i.__hardfp_pow      m_wm.l(pow.o)
    0x08005bc0   0x08005bc0   0x000000c8   Code   RO         5592    i.__hardfp_sin      m_wm.l(sin.o)
    0x08005c88   0x08005c88   0x0000007a   Code   RO         5604    i.__hardfp_sqrt     m_wm.l(sqrt.o)
    0x08005d02   0x08005d02   0x00000006   PAD
    0x08005d08   0x08005d08   0x00000438   Code   RO         5928    i.__ieee754_rem_pio2  m_wm.l(rred.o)
    0x08006140   0x08006140   0x00000170   Code   RO         5900    i.__kernel_cos      m_wm.l(cos_i.o)
    0x080062b0   0x080062b0   0x000000f8   Code   RO         5925    i.__kernel_poly     m_wm.l(poly.o)
    0x080063a8   0x080063a8   0x00000130   Code   RO         5933    i.__kernel_sin      m_wm.l(sin_i.o)
    0x080064d8   0x080064d8   0x00000030   Code   RO         5903    i.__mathlib_dbl_divzero  m_wm.l(dunder.o)
    0x08006508   0x08006508   0x00000014   Code   RO         5904    i.__mathlib_dbl_infnan  m_wm.l(dunder.o)
    0x0800651c   0x0800651c   0x00000014   Code   RO         5905    i.__mathlib_dbl_infnan2  m_wm.l(dunder.o)
    0x08006530   0x08006530   0x00000020   Code   RO         5906    i.__mathlib_dbl_invalid  m_wm.l(dunder.o)
    0x08006550   0x08006550   0x00000020   Code   RO         5907    i.__mathlib_dbl_overflow  m_wm.l(dunder.o)
    0x08006570   0x08006570   0x00000020   Code   RO         5909    i.__mathlib_dbl_underflow  m_wm.l(dunder.o)
    0x08006590   0x08006590   0x0000000e   Code   RO         5998    i.__scatterload_copy  mc_w.l(handlers.o)
    0x0800659e   0x0800659e   0x00000002   Code   RO         5999    i.__scatterload_null  mc_w.l(handlers.o)
    0x080065a0   0x080065a0   0x0000000e   Code   RO         6000    i.__scatterload_zeroinit  mc_w.l(handlers.o)
    0x080065ae   0x080065ae   0x00000002   PAD
    0x080065b0   0x080065b0   0x0000000c   Code   RO         5964    i.__set_errno       mc_w.l(errno.o)
    0x080065bc   0x080065bc   0x00000154   Code   RO         5677    i._printf_core      mc_w.l(printf1.o)
    0x08006710   0x08006710   0x0000002a   Code   RO         5183    i.abs_limit         pid.o
    0x0800673a   0x0800673a   0x00000002   PAD
    0x0800673c   0x0800673c   0x00000048   Code   RO         5370    i.buzzer_init       buzzer.o
    0x08006784   0x08006784   0x00000010   Code   RO         5372    i.buzzer_on         buzzer.o
    0x08006794   0x08006794   0x00000018   Code   RO         5919    i.fabs              m_wm.l(fabs.o)
    0x080067ac   0x080067ac   0x00000014   Code   RO         5435    i.flow_led_off      led.o
    0x080067c0   0x080067c0   0x00000014   Code   RO         5436    i.flow_led_on       led.o
    0x080067d4   0x080067d4   0x00000024   Code   RO         4447    i.fputc             usart.o
    0x080067f8   0x080067f8   0x0000014c   Code   RO         4772    i.gait              posture_ctrl.o
    0x08006944   0x08006944   0x000000f4   Code   RO         4773    i.gait_detached     posture_ctrl.o
    0x08006a38   0x08006a38   0x00000054   Code   RO         5262    i.get_moto_measure  bsp_can.o
    0x08006a8c   0x08006a8c   0x0000000c   Code   RO         5263    i.get_moto_offset   bsp_can.o
    0x08006a98   0x08006a98   0x0000008c   Code   RO         5438    i.led_configuration  led.o
    0x08006b24   0x08006b24   0x00000010   Code   RO         5439    i.led_green_off     led.o
    0x08006b34   0x08006b34   0x00000010   Code   RO         5442    i.led_red_off       led.o
    0x08006b44   0x08006b44   0x00000010   Code   RO         5444    i.led_red_toggle    led.o
    0x08006b54   0x08006b54   0x000000e0   Code   RO         4714    i.main              main.o
    0x08006c34   0x08006c34   0x00000148   Code   RO         4857    i.moto_behaviour    moto_ctrl.o
    0x08006d7c   0x08006d7c   0x00000088   Code   RO         4858    i.moto_param_init   moto_ctrl.o
    0x08006e04   0x08006e04   0x00000060   Code   RO         5265    i.my_can_filter_init_recv_all  bsp_can.o
    0x08006e64   0x08006e64   0x00000014   Code   RO         3775    i.osSystickHandler  cmsis_os.o
    0x08006e78   0x08006e78   0x000001c4   Code   RO         5184    i.pid_calc          pid.o
    0x0800703c   0x0800703c   0x0000000e   Code   RO         5185    i.pid_param_init    pid.o
    0x0800704a   0x0800704a   0x00000006   Code   RO         5186    i.pid_reset         pid.o
    0x08007050   0x08007050   0x0000000a   Code   RO         5187    i.pid_reset_kpkd    pid.o
    0x0800705a   0x0800705a   0x00000002   PAD
    0x0800705c   0x0800705c   0x00000034   Code   RO         3230    i.prvAddCurrentTaskToDelayedList  tasks.o
    0x08007090   0x08007090   0x00000054   Code   RO         3231    i.prvCheckTasksWaitingTermination  tasks.o
    0x080070e4   0x080070e4   0x0000004c   Code   RO         4221    i.prvHeapInit       heap_4.o
    0x08007130   0x08007130   0x00000028   Code   RO         3232    i.prvIdleTask       tasks.o
    0x08007158   0x08007158   0x0000004c   Code   RO         4222    i.prvInsertBlockIntoFreeList  heap_4.o
    0x080071a4   0x080071a4   0x00000020   Code   RO         3234    i.prvResetNextTaskUnblockTime  tasks.o
    0x080071c4   0x080071c4   0x00000028   Code   RO         4157    i.prvTaskExitError  port.o
    0x080071ec   0x080071ec   0x00000034   Code   RO         3235    i.prvTaskIsTaskSuspended  tasks.o
    0x08007220   0x08007220   0x000000d8   Code   RO         4223    i.pvPortMalloc      heap_4.o
    0x080072f8   0x080072f8   0x00000028   Code   RO         4158    i.pxPortInitialiseStack  port.o
    0x08007320   0x08007320   0x00000054   Code   RO         4859    i.send_chassis_cur1_4  moto_ctrl.o
    0x08007374   0x08007374   0x00000054   Code   RO         4860    i.send_chassis_cur5_8  moto_ctrl.o
    0x080073c8   0x080073c8   0x0000006e   Code   RO         5606    i.sqrt              m_wm.l(sqrt.o)
    0x08007436   0x08007436   0x00000002   PAD
    0x08007438   0x08007438   0x00000124   Code   RO         4715    i.start_task        main.o
    0x0800755c   0x0800755c   0x00000024   Code   RO         3702    i.uxListRemove      list.o
    0x08007580   0x08007580   0x00000016   Code   RO         3703    i.vListInitialise   list.o
    0x08007596   0x08007596   0x00000006   Code   RO         3704    i.vListInitialiseItem  list.o
    0x0800759c   0x0800759c   0x00000030   Code   RO         3705    i.vListInsert       list.o
    0x080075cc   0x080075cc   0x00000018   Code   RO         3706    i.vListInsertEnd    list.o
    0x080075e4   0x080075e4   0x00000040   Code   RO         4160    i.vPortEnterCritical  port.o
    0x08007624   0x08007624   0x00000028   Code   RO         4161    i.vPortExitCritical  port.o
    0x0800764c   0x0800764c   0x0000005c   Code   RO         4224    i.vPortFree         heap_4.o
    0x080076a8   0x080076a8   0x00000020   Code   RO         4162    i.vPortSetupTimerInterrupt  port.o
    0x080076c8   0x080076c8   0x00000068   Code   RO         3244    i.vTaskDelay        tasks.o
    0x08007730   0x08007730   0x000000a4   Code   RO         3245    i.vTaskDelete       tasks.o
    0x080077d4   0x080077d4   0x00000080   Code   RO         3253    i.vTaskResume       tasks.o
    0x08007854   0x08007854   0x00000068   Code   RO         3256    i.vTaskStartScheduler  tasks.o
    0x080078bc   0x080078bc   0x000000b4   Code   RO         3257    i.vTaskSuspend      tasks.o
    0x08007970   0x08007970   0x00000010   Code   RO         3258    i.vTaskSuspendAll   tasks.o
    0x08007980   0x08007980   0x0000005c   Code   RO         3259    i.vTaskSwitchContext  tasks.o
    0x080079dc   0x080079dc   0x000000e0   Code   RO         4164    i.xPortStartScheduler  port.o
    0x08007abc   0x08007abc   0x0000002c   Code   RO         4165    i.xPortSysTickHandler  port.o
    0x08007ae8   0x08007ae8   0x000001bc   Code   RO         3261    i.xTaskGenericCreate  tasks.o
    0x08007ca4   0x08007ca4   0x0000001c   Code   RO         3265    i.xTaskGetSchedulerState  tasks.o
    0x08007cc0   0x08007cc0   0x0000000c   Code   RO         3266    i.xTaskGetTickCount  tasks.o
    0x08007ccc   0x08007ccc   0x000000cc   Code   RO         3268    i.xTaskIncrementTick  tasks.o
    0x08007d98   0x08007d98   0x000000c4   Code   RO         3274    i.xTaskResumeAll    tasks.o
    0x08007e5c   0x08007e5c   0x00000008   Data   RO         2514    .constdata          stm32f4xx_hal_dma.o
    0x08007e64   0x08007e64   0x00000010   Data   RO         2619    .constdata          stm32f4xx_hal_rcc.o
    0x08007e74   0x08007e74   0x00000030   Data   RO         4962    .constdata          detect_task.o
    0x08007ea4   0x08007ea4   0x00000288   Data   RO         5376    .constdata          buzzer.o
    0x0800812c   0x0800812c   0x00000004   PAD
    0x08008130   0x08008130   0x00000050   Data   RO         5541    .constdata          m_wm.l(acos.o)
    0x08008180   0x08008180   0x00000050   Data   RO         5555    .constdata          m_wm.l(asin.o)
    0x080081d0   0x080081d0   0x00000088   Data   RO         5581    .constdata          m_wm.l(pow.o)
    0x08008258   0x08008258   0x00000030   Data   RO         5901    .constdata          m_wm.l(cos_i.o)
    0x08008288   0x08008288   0x00000008   Data   RO         5927    .constdata          m_wm.l(qnan.o)
    0x08008290   0x08008290   0x000000c8   Data   RO         5930    .constdata          m_wm.l(rred.o)
    0x08008358   0x08008358   0x00000028   Data   RO         5934    .constdata          m_wm.l(sin_i.o)
    0x08008380   0x08008380   0x00000020   Data   RO         5996    Region$$Table       anon$$obj.o


    Execution Region RW_IRAM1 (Exec base: 0x20000000, Load base: 0x080083a0, Size: 0x00009f68, Max: 0x00030000, ABSOLUTE, COMPRESSED[0x0000008c])

    Exec Addr    Load Addr    Size         Type   Attr      Idx    E Section Name        Object

    0x20000000   COMPRESSED   0x00000004   Data   RW         1065    .data               stm32f4xx_hal.o
    0x20000004   COMPRESSED   0x00000004   Data   RW         3012    .data               system_stm32f4xx.o
    0x20000008   COMPRESSED   0x00000038   Data   RW         3277    .data               tasks.o
    0x20000040   COMPRESSED   0x0000000c   Data   RW         4166    .data               port.o
    0x2000004c   COMPRESSED   0x00000018   Data   RW         4229    .data               heap_4.o
    0x20000064   COMPRESSED   0x00000004   PAD
    0x20000068   COMPRESSED   0x00000008   Data   RW         4301    .data               tim.o
    0x20000070   COMPRESSED   0x00000006   Data   RW         4455    .data               usart.o
    0x20000076   COMPRESSED   0x00000002   PAD
    0x20000078   COMPRESSED   0x00000004   Data   RW         4667    .data               can.o
    0x2000007c   COMPRESSED   0x0000001c   Data   RW         4717    .data               main.o
    0x20000098   COMPRESSED   0x0000027c   Data   RW         4774    .data               posture_ctrl.o
    0x20000314   COMPRESSED   0x00000001   Data   RW         4862    .data               moto_ctrl.o
    0x20000315   COMPRESSED   0x00000001   PAD
    0x20000316   COMPRESSED   0x00000004   Data   RW         4915    .data               debug.o
    0x2000031a   COMPRESSED   0x00000002   PAD
    0x2000031c   COMPRESSED   0x0000000c   Data   RW         4963    .data               detect_task.o
    0x20000328   COMPRESSED   0x00000001   Data   RW         5267    .data               bsp_can.o
    0x20000329   COMPRESSED   0x00000001   PAD
    0x2000032a   COMPRESSED   0x00000006   Data   RW         5334    .data               vcan.o
    0x20000330   COMPRESSED   0x00000004   Data   RW         5953    .data               mc_w.l(stdout.o)
    0x20000334   COMPRESSED   0x00000004   Data   RW         5965    .data               mc_w.l(errno.o)
    0x20000338        -       0x00000118   Zero   RW         3276    .bss                tasks.o
    0x20000450        -       0x00007800   Zero   RW         4228    .bss                heap_4.o
    0x20007c50        -       0x0000003c   Zero   RW         4300    .bss                tim.o
    0x20007c8c        -       0x00001180   Zero   RW         4448    .bss                usart.o
    0x20008e0c        -       0x00000040   Zero   RW         4451    .bss                usart.o
    0x20008e4c        -       0x00000060   Zero   RW         4452    .bss                usart.o
    0x20008eac        -       0x00000060   Zero   RW         4453    .bss                usart.o
    0x20008f0c        -       0x0000003c   Zero   RW         4559    .bss                stm32f4xx_hal_timebase_tim.o
    0x20008f48        -       0x00000058   Zero   RW         4623    .bss                spi.o
    0x20008fa0        -       0x00000080   Zero   RW         4666    .bss                can.o
    0x20009020        -       0x00000060   Zero   RW         4861    .bss                moto_ctrl.o
    0x20009080        -       0x00000144   Zero   RW         4961    .bss                detect_task.o
    0x200091c4        -       0x00000360   Zero   RW         5190    .bss                pid.o
    0x20009524        -       0x00000360   Zero   RW         5191    .bss                pid.o
    0x20009884        -       0x0000020c   Zero   RW         5266    .bss                bsp_can.o
    0x20009a90        -       0x0000000a   Zero   RW         5333    .bss                vcan.o
    0x20009a9a   COMPRESSED   0x00000002   PAD
    0x20009a9c        -       0x00000058   Zero   RW         5375    .bss                buzzer.o
    0x20009af4        -       0x00000074   Zero   RW         5512    .bss                servo.o
    0x20009b68        -       0x00000400   Zero   RW         4279    STACK               startup_stm32f427xx.o


==============================================================================

Image component sizes


      Code (inc. data)   RO Data    RW Data    ZI Data      Debug   Object Name

       304         32          0          1        524       4833   bsp_can.o
       156         16        648          0         88       2377   buzzer.o
       364         40          0          4        128       2358   can.o
        20          0          0          0          0        607   cmsis_os.o
       578        204          0          4          0       2148   debug.o
       516         32         48         12        324       3834   detect_task.o
       124          4          0          0          0        818   dma.o
       344         34          0          0          0       1143   gpio.o
       460         24          0         24      30720       7203   heap_4.o
       228         46          0          0          0       3288   led.o
       136          0          0          0          0       3530   list.o
       684        168          0         28          0       4070   main.o
       676         66          0          1         96       4363   moto_ctrl.o
       548         12          0          0       1728       6684   pid.o
       670         74          0         12          0       8408   port.o
      3306        468          0        636          0      11136   posture_ctrl.o
        96         10          0          0        116        920   servo.o
       148         22          0          0         88       1605   spi.o
        36          8        428          0       1024        800   startup_stm32f427xx.o
        80         16          0          4          0       2984   stm32f4xx_hal.o
      1874         38          0          0          0     363616   stm32f4xx_hal_can.o
       218         14          0          0          0      31021   stm32f4xx_hal_cortex.o
       952         22          8          0          0       6470   stm32f4xx_hal_dma.o
       478         52          0          0          0       3141   stm32f4xx_hal_gpio.o
        88          0          0          0          0        522   stm32f4xx_hal_msp.o
       140         14          0          0          0       1284   stm32f4xx_hal_pwr_ex.o
      1408         90         16          0          0       6544   stm32f4xx_hal_rcc.o
       128          0          0          0          0       1207   stm32f4xx_hal_spi.o
      1340         88          0          0          0      12346   stm32f4xx_hal_tim.o
         4          0          0          0          0       1606   stm32f4xx_hal_tim_ex.o
       116         16          0          0         60       1436   stm32f4xx_hal_timebase_tim.o
      1984         28          0          0          0      13571   stm32f4xx_hal_uart.o
       172         78          0          0          0      19652   stm32f4xx_it.o
        84         18          0          4          0       1333   system_stm32f4xx.o
      1932        172          0         56        280      28145   tasks.o
       316         58          0          8         60       6073   tim.o
       766         98          0          6       4736       5720   usart.o
        80         14          0          6         10       1548   vcan.o

    ----------------------------------------------------------------------
     21600       2076       1184        816      39984     578344   Object Totals
         0          0         32          0          0          0   (incl. Generated)
        46          0          4         10          2          0   (incl. Padding)

    ----------------------------------------------------------------------

      Code (inc. data)   RO Data    RW Data    ZI Data      Debug   Library Member Name

       856        118         80          0          0        288   acos.o
       864         94         80          0          0        280   asin.o
       368         46         48          0          0        200   cos_i.o
       184         44          0          0          0        744   dunder.o
        24          0          0          0          0        124   fabs.o
       260          6          0          0          0        144   fmod.o
        48          0          0          0          0        124   fpclassify.o
       248          0          0          0          0        152   poly.o
      3152        296        136          0          0        352   pow.o
         0          0          8          0          0          0   qnan.o
      1080        142        200          0          0        188   rred.o
       200         20          0          0          0        164   sin.o
       304         24         40          0          0        208   sin_i.o
       232          0          0          0          0        296   sqrt.o
        86          0          0          0          0          0   __dczerorl2.o
         0          0          0          0          0          0   entry.o
         0          0          0          0          0          0   entry10a.o
         0          0          0          0          0          0   entry11a.o
         8          4          0          0          0          0   entry2.o
         4          0          0          0          0          0   entry5.o
         0          0          0          0          0          0   entry7b.o
         0          0          0          0          0          0   entry8b.o
         8          4          0          0          0          0   entry9a.o
        12          6          0          4          0         68   errno.o
        30          0          0          0          0          0   handlers.o
        36          8          0          0          0         68   init.o
         0          0          0          0          0          0   iusefp.o
        30          0          0          0          0         68   llshl.o
        36          0          0          0          0         68   llsshr.o
        32          0          0          0          0         68   llushr.o
        36          0          0          0          0         68   memcpya.o
        36          0          0          0          0        108   memseta.o
       372         14          0          0          0        184   printf1.o
         0          0          0          4          0          0   stdout.o
        44          0          0          0          0         80   uidiv.o
        48          0          0          0          0         68   cdrcmple.o
        56          0          0          0          0         88   d2f.o
       334          0          0          0          0        148   dadd.o
       222          0          0          0          0        100   ddiv.o
       186          0          0          0          0        176   depilogue.o
        62          0          0          0          0         80   dfixi.o
        34          0          0          0          0         76   dflti.o
        26          0          0          0          0         76   dfltui.o
        24          0          0          0          0         76   dfltul.o
       228          0          0          0          0         96   dmul.o
       134          0          0          0          0         96   drem.o
        46          0          0          0          0         80   dscalb.o
       162          0          0          0          0        100   dsqrt.o
        38          0          0          0          0         68   f2d.o
       110          0          0          0          0        168   fepilogue.o

    ----------------------------------------------------------------------
     10320        830        592          8          0       5540   Library Totals
        20          4          0          0          0          0   (incl. Padding)

    ----------------------------------------------------------------------

      Code (inc. data)   RO Data    RW Data    ZI Data      Debug   Library Name

      7820        790        592          0          0       3264   m_wm.l
       770         36          0          8          0        780   mc_w.l
      1710          0          0          0          0       1496   mf_w.l

    ----------------------------------------------------------------------
     10320        830        592          8          0       5540   Library Totals

    ----------------------------------------------------------------------

==============================================================================


      Code (inc. data)   RO Data    RW Data    ZI Data      Debug   

     31920       2906       1776        824      39984     562224   Grand Totals
     31920       2906       1776        140      39984     562224   ELF Image Totals (compressed)
     31920       2906       1776        140          0          0   ROM Totals

==============================================================================

    Total RO  Size (Code + RO Data)                33696 (  32.91kB)
    Total RW  Size (RW Data + ZI Data)             40808 (  39.85kB)
    Total ROM Size (Code + RO Data + RW Data)      33836 (  33.04kB)

==============================================================================

