<html>
<body>
<pre>
<h1>礦ision Build Log</h1>
<h2>Tool Versions:</h2>
IDE-Version: μVision V5.25.2.0
Copyright (C) 2018 ARM Ltd and ARM Germany GmbH. All rights reserved.
License Information: yu leitao,  , LIC=VGX30-BKHEE-RXIUD-82TBS-2YWSS-49VYR
 
Tool Versions:
Toolchain:       MDK-ARM Plus  Version: 5.25.2.0
Toolchain Path:  C:\Keil_v5\ARM\ARMCC\Bin
C Compiler:      Armcc.exe V5.06 update 6 (build 750)
Assembler:       Armasm.exe V5.06 update 6 (build 750)
Linker/Locator:  ArmLink.exe V5.06 update 6 (build 750)
Library Manager: ArmAr.exe V5.06 update 6 (build 750)
Hex Converter:   FromElf.exe V5.06 update 6 (build 750)
CPU DLL:         SARMCM3.DLL V5.25.2.0
Dialog DLL:      DCM.DLL V1.17.1.0
Target DLL:      CMSIS_AGDI.dll V1.29.10.0
Dialog DLL:      TCM.DLL V1.35.1.0
 
<h2>Project:</h2>
C:\Users\Administrator\Desktop\MR2\MDK-ARM\MR2.uvprojx
Project File Date:  04/11/2019

<h2>Output:</h2>
*** Using Compiler 'V5.06 update 6 (build 750)', folder: 'C:\Keil_v5\ARM\ARMCC\Bin'
Build target 'MR2'
compiling posture_ctrl.c...
..\User\AHRS\imu.h(42): warning:  #1295-D: Deprecated declaration IMU_Get_Data - give arg types
  void IMU_Get_Data();
..\User\APP\posture_ctrl.h(6): warning:  #47-D: incompatible redefinition of macro "L1"  (declared at line 17 of "..\User\HARDWARE\buzzer.h")
  #define L1 10
..\User\APP\posture_ctrl.h(7): warning:  #47-D: incompatible redefinition of macro "L2"  (declared at line 18 of "..\User\HARDWARE\buzzer.h")
  #define L2 20
..\User\APP\posture_ctrl.c(238): warning:  #1035-D: single-precision operand implicitly converted to double-precision
          x = (gp/flightPercent)*stepLength - stepLength/2.0;
..\User\APP\posture_ctrl.c(242): warning:  #1035-D: single-precision operand implicitly converted to double-precision
          float percentBack = (gp-flightPercent)/(1.0-flightPercent);
..\User\APP\posture_ctrl.c(243): warning:  #1035-D: single-precision operand implicitly converted to double-precision
          x = -percentBack*stepLength + stepLength/2.0;
..\User\APP\posture_ctrl.c(301): warning:  #1035-D: single-precision operand implicitly converted to double-precision
      if(L<9.8||L>29.8)		//限位保护
..\User\APP\posture_ctrl.c(301): warning:  #1035-D: single-precision operand implicitly converted to double-precision
      if(L<9.8||L>29.8)		//限位保护
..\User\APP\posture_ctrl.c(308): warning:  #1035-D: single-precision operand implicitly converted to double-precision
      if(leg_direction==1.0) {
..\User\APP\posture_ctrl.c(309): warning:  #1035-D: single-precision operand implicitly converted to double-precision
          theta2=(A1-90.0);
..\User\APP\posture_ctrl.c(310): warning:  #1035-D: single-precision operand implicitly converted to double-precision
          theta1=(A2-90.0);
..\User\APP\posture_ctrl.c(312): warning:  #1035-D: single-precision operand implicitly converted to double-precision
          theta1=(A1-90.0);
..\User\APP\posture_ctrl.c(313): warning:  #1035-D: single-precision operand implicitly converted to double-precision
          theta2=(A2-90.0);
..\User\APP\posture_ctrl.c(387): warning:  #1035-D: single-precision operand implicitly converted to double-precision
      bad = bad || (gains.kp_spd > 50 && gains.kd_spd < 0.1);
..\User\APP\posture_ctrl.c(388): warning:  #1035-D: single-precision operand implicitly converted to double-precision
      bad = bad || (gains.kp_pos > 50 && gains.kd_pos < 0.1);
..\User\APP\posture_ctrl.c(407): warning:  #1035-D: single-precision operand implicitly converted to double-precision
      if (stanceHeight + downAMP > maxL || sqrt(pow(stanceHeight, 2) + pow(stepLength / 2.0, 2)) > maxL) {
..\User\APP\posture_ctrl.c(416): warning:  #1035-D: single-precision operand implicitly converted to double-precision
      if (flightPercent <= 0 || flightPercent > 1.0) {
..\User\APP\posture_ctrl.c(426): warning:  #1035-D: single-precision operand implicitly converted to double-precision
      if (FREQ > 10.0) {
..\User\APP\posture_ctrl.c: 18 warnings, 0 errors
linking...
Program Size: Code=31216 RO-data=1728 RW-data=812 ZI-data=39660  
FromELF: creating hex file...
".\MR2\MR2.axf" - 0 Error(s), 18 Warning(s).

<h2>Software Packages used:</h2>

Package Vendor: ARM
                http://www.keil.com/pack/ARM.CMSIS.5.3.0.pack
                ARM.CMSIS.5.3.0
                CMSIS (Cortex Microcontroller Software Interface Standard)
   * Component: CORE Version: 5.1.1

Package Vendor: Keil
                http://www.keil.com/pack/Keil.STM32F4xx_DFP.2.13.0.pack
                Keil.STM32F4xx_DFP.2.13.0
                STMicroelectronics STM32F4 Series Device Support, Drivers and Examples

<h2>Collection of Component include folders:</h2>
  .\RTE\_MR2
  C:\Keil_v5\ARM\PACK\ARM\CMSIS\5.3.0\CMSIS\Include
  C:\Keil_v5\ARM\PACK\Keil\STM32F4xx_DFP\2.13.0\Drivers\CMSIS\Device\ST\STM32F4xx\Include

<h2>Collection of Component Files used:</h2>

   * Component: ARM::CMSIS:CORE:5.1.1
Build Time Elapsed:  00:00:08
</pre>
</body>
</html>
